2026-05-28 15:56:04,593 DEBUG cd v16-bench && uv venv env --seed --python /usr/bin/python3
2026-05-28 15:56:05,550 LOG Getting frappe
2026-05-28 15:56:05,550 DEBUG cd v16-bench/apps && git clone https://github.com/frappe/frappe.git --branch version-16 --depth 1 --origin upstream
2026-05-28 15:56:11,477 LOG Installing frappe
2026-05-28 15:56:11,478 DEBUG cd /home/user/Smart_City_V2/backend/v16-bench && uv pip install --quiet --upgrade -e /home/user/Smart_City_V2/backend/v16-bench/apps/frappe  --python /home/user/Smart_City_V2/backend/v16-bench/env/bin/python
2026-05-28 15:56:13,304 DEBUG cd /home/user/Smart_City_V2/backend/v16-bench/apps/frappe && yarn install --check-files
2026-05-28 15:56:19,028 DEBUG cd /home/user/Smart_City_V2/backend/v16-bench && sudo supervisorctl restart frappe:
2026-05-28 15:56:19,117 WARNING cd /home/user/Smart_City_V2/backend/v16-bench && sudo supervisorctl restart frappe: executed with exit code 2
2026-05-28 15:56:19,117 WARNING restarting supervisor group `frappe:` failed. Use `bench restart` to retry.
2026-05-28 15:56:19,117 DEBUG cd v16-bench && bench build
2026-05-28 15:56:19,200 INFO /usr/local/bin/bench build
2026-05-28 15:56:30,043 LOG setting up backups
2026-05-28 15:56:30,061 LOG backups were set up
2026-05-28 15:56:30,061 INFO Bench v16-bench initialized
2026-05-28 15:56:30,426 INFO /usr/local/bin/bench new-site smartcity.localhost --db-type postgres --db-root-username frappe --db-root-password frappe123456 --admin-password admin123456
2026-05-28 15:56:49,454 INFO /usr/local/bin/bench --site smartcity.localhost enable-scheduler
2026-05-28 15:56:50,201 INFO /usr/local/bin/bench --site smartcity.localhost set-config developer_mode 1
2026-05-28 15:56:50,633 INFO /usr/local/bin/bench use smartcity.localhost
2026-05-28 15:56:54,949 INFO /usr/local/bin/bench new-app ha_tang_do_thi
2026-05-28 15:56:54,952 LOG creating new app ha_tang_do_thi
2026-05-28 16:17:08,162 INFO /usr/local/bin/bench --site smartcity.localhost enable-scheduler
2026-05-28 16:17:09,190 INFO /usr/local/bin/bench --site smartcity.localhost set-config developer_mode 1
2026-05-28 16:17:09,603 INFO /usr/local/bin/bench use smartcity.localhost
2026-05-28 16:17:10,037 INFO /usr/local/bin/bench new-app ha_tang_do_thi
2026-05-28 16:17:10,046 LOG creating new app ha_tang_do_thi
2026-05-28 16:17:11,409 LOG Installing ha_tang_do_thi
2026-05-28 16:17:11,410 DEBUG cd /home/user/Smart_City_V2/backend/v16-bench && uv pip install --quiet --upgrade -e /home/user/Smart_City_V2/backend/v16-bench/apps/ha_tang_do_thi  --python /home/user/Smart_City_V2/backend/v16-bench/env/bin/python
2026-05-28 16:17:11,991 DEBUG bench build --app ha_tang_do_thi
2026-05-28 16:17:12,082 INFO /usr/local/bin/bench build --app ha_tang_do_thi
2026-05-28 16:17:14,053 DEBUG cd /home/user/Smart_City_V2/backend/v16-bench && sudo supervisorctl restart frappe:
2026-05-28 16:17:14,154 WARNING cd /home/user/Smart_City_V2/backend/v16-bench && sudo supervisorctl restart frappe: executed with exit code 2
2026-05-28 16:17:14,154 WARNING restarting supervisor group `frappe:` failed. Use `bench restart` to retry.
2026-05-28 16:17:14,558 INFO /usr/local/bin/bench --site smartcity.localhost install-app ha_tang_do_thi
2026-05-28 16:17:16,689 INFO /usr/local/bin/bench clear-cache
2026-05-28 16:17:52,343 INFO /usr/local/bin/bench --site smartcity.localhost execute /home/user/Smart_City_V2/setup_doctypes.py
2026-05-28 16:18:02,344 INFO /usr/local/bin/bench --site smartcity.localhost execute ha_tang_do_thi.setup_doctypes.execute
2026-05-28 16:22:06,013 INFO /home/user/.local/bin/bench start
2026-05-28 16:23:57,898 INFO /home/user/.local/bin/bench start
2026-05-28 16:35:45,892 INFO /home/user/.local/bin/bench --site smartcity.localhost uninstall-app ha_tang_do_thi --force --yes
2026-05-28 16:35:51,645 INFO /home/user/.local/bin/bench remove-app ha_tang_do_thi --force
2026-05-28 16:35:51,649 DEBUG cd /home/user/Smart_City_V2/backend/v16-bench && uv pip uninstall ha_tang_do_thi --python /home/user/Smart_City_V2/backend/v16-bench/env/bin/python
2026-05-28 16:35:51,768 INFO App moved from apps/ha_tang_do_thi to archived/apps/ha_tang_do_thi-2026-05-28
2026-05-28 16:35:51,962 DEBUG cd /home/user/Smart_City_V2/backend/v16-bench && sudo supervisorctl restart frappe:
2026-05-28 16:35:52,058 WARNING cd /home/user/Smart_City_V2/backend/v16-bench && sudo supervisorctl restart frappe: executed with exit code 2
2026-05-28 16:35:52,058 WARNING restarting supervisor group `frappe:` failed. Use `bench restart` to retry.
2026-05-28 16:35:52,488 INFO /home/user/.local/bin/bench new-app quan_ly_dan_cu
2026-05-28 16:35:52,491 LOG creating new app quan_ly_dan_cu
2026-05-28 16:35:53,859 LOG Installing quan_ly_dan_cu
2026-05-28 16:35:53,860 DEBUG cd /home/user/Smart_City_V2/backend/v16-bench && uv pip install --quiet --upgrade -e /home/user/Smart_City_V2/backend/v16-bench/apps/quan_ly_dan_cu  --python /home/user/Smart_City_V2/backend/v16-bench/env/bin/python
2026-05-28 16:35:54,326 DEBUG bench build --app quan_ly_dan_cu
2026-05-28 16:35:54,408 INFO /home/user/.local/bin/bench build --app quan_ly_dan_cu
2026-05-28 16:35:56,410 DEBUG cd /home/user/Smart_City_V2/backend/v16-bench && sudo supervisorctl restart frappe:
2026-05-28 16:35:56,507 WARNING cd /home/user/Smart_City_V2/backend/v16-bench && sudo supervisorctl restart frappe: executed with exit code 2
2026-05-28 16:35:56,507 WARNING restarting supervisor group `frappe:` failed. Use `bench restart` to retry.
2026-05-28 16:35:57,051 INFO /home/user/.local/bin/bench --site smartcity.localhost install-app quan_ly_dan_cu
2026-05-28 16:35:58,790 INFO /home/user/.local/bin/bench --site smartcity.localhost execute quan_ly_dan_cu.setup_doctypes_dan_cu.execute
2026-05-28 16:36:51,921 INFO /home/user/.local/bin/bench start
2026-05-28 16:36:52,167 INFO /home/user/.local/bin/bench worker
2026-05-28 16:36:52,167 INFO /home/user/.local/bin/bench serve --port 8001
2026-05-28 16:36:52,169 INFO /home/user/.local/bin/bench watch
2026-05-28 16:36:52,170 INFO /home/user/.local/bin/bench schedule
2026-05-28 16:38:26,280 INFO /home/user/.local/bin/bench start
2026-05-28 16:38:26,514 INFO /home/user/.local/bin/bench serve --port 8001
2026-05-28 16:38:26,519 INFO /home/user/.local/bin/bench watch
2026-05-28 16:38:26,520 INFO /home/user/.local/bin/bench schedule
2026-05-28 16:38:26,521 INFO /home/user/.local/bin/bench worker
2026-05-28 16:49:00,550 INFO /usr/local/bin/bench --site smartcity.localhost execute quan_ly_dan_cu.setup_doctypes_v3.execute
2026-05-28 16:52:03,883 INFO /usr/local/bin/bench --site smartcity.localhost execute quan_ly_dan_cu.seed_data.execute
2026-05-28 16:52:25,288 INFO /usr/local/bin/bench --site smartcity.localhost execute quan_ly_dan_cu.seed_data.execute
2026-05-28 16:59:22,061 INFO /usr/local/bin/bench --site smartcity.localhost execute quan_ly_dan_cu.seed_danang.execute
2026-05-28 17:23:24,938 INFO /usr/local/bin/bench --site smartcity.localhost execute quan_ly_dan_cu.fix_coordinates.execute
2026-05-29 09:20:18,925 INFO /home/user/.local/bin/bench start
2026-05-29 09:20:19,174 INFO /home/user/.local/bin/bench serve --port 8001
2026-05-29 09:20:19,176 INFO /home/user/.local/bin/bench worker
2026-05-29 09:20:19,182 INFO /home/user/.local/bin/bench schedule
2026-05-29 09:20:19,185 INFO /home/user/.local/bin/bench watch
2026-05-29 12:00:01,824 INFO /usr/local/bin/bench --verbose --site all backup
2026-05-30 08:24:31,791 INFO /home/user/.local/bin/bench start
2026-05-30 08:24:32,082 INFO /home/user/.local/bin/bench serve --port 8001
2026-05-30 08:24:32,082 INFO /home/user/.local/bin/bench schedule
2026-05-30 08:24:32,087 INFO /home/user/.local/bin/bench worker
2026-05-30 08:24:32,089 INFO /home/user/.local/bin/bench watch
2026-05-30 09:06:11,800 INFO /usr/local/bin/bench --site smartcity.localhost execute quan_ly_dan_cu.setup_doctypes_v3.execute
2026-05-30 09:06:33,138 INFO /usr/local/bin/bench --site smartcity.localhost execute quan_ly_dan_cu.setup_doctypes_v3.execute
2026-05-30 09:08:48,379 INFO /usr/local/bin/bench --site smartcity.localhost execute quan_ly_dan_cu.add_custom_fields.execute
2026-05-30 09:08:49,797 INFO /usr/local/bin/bench --site smartcity.localhost execute quan_ly_dan_cu.update_welfare_seed.execute
2026-05-30 09:08:57,966 INFO /usr/local/bin/bench --site smartcity.localhost execute quan_ly_dan_cu.update_welfare_seed.execute
2026-05-30 09:24:55,629 INFO /usr/local/bin/bench --site smartcity.localhost execute quan_ly_dan_cu.seed_resident_details.execute
2026-05-30 09:25:08,363 INFO /usr/local/bin/bench --site smartcity.localhost execute quan_ly_dan_cu.seed_resident_details.execute
2026-05-30 09:39:32,229 INFO /usr/local/bin/bench --site smartcity.localhost execute quan_ly_dan_cu.setup_life_events.execute
2026-05-31 00:00:01,464 INFO /usr/local/bin/bench --verbose --site all backup
2026-05-31 06:00:01,766 INFO /usr/local/bin/bench --verbose --site all backup
2026-05-31 12:00:01,586 INFO /usr/local/bin/bench --verbose --site all backup
2026-06-01 12:00:07,426 INFO /usr/local/bin/bench --verbose --site all backup
2026-06-01 12:59:15,290 INFO /home/user/.local/bin/bench start
2026-06-01 12:59:15,741 INFO /home/user/.local/bin/bench serve --port 8001
2026-06-01 12:59:15,754 INFO /home/user/.local/bin/bench schedule
2026-06-01 12:59:15,755 INFO /home/user/.local/bin/bench worker
2026-06-01 12:59:15,759 INFO /home/user/.local/bin/bench watch
2026-06-01 13:16:55,902 INFO /home/user/.local/bin/bench start
2026-06-01 13:16:56,238 INFO /home/user/.local/bin/bench serve --port 8001
2026-06-01 13:16:56,241 INFO /home/user/.local/bin/bench worker
2026-06-01 13:16:56,247 INFO /home/user/.local/bin/bench schedule
2026-06-01 13:16:56,252 INFO /home/user/.local/bin/bench watch
2026-06-01 13:21:23,100 INFO /home/user/.local/bin/bench start
2026-06-01 13:21:23,416 INFO /home/user/.local/bin/bench watch
2026-06-01 13:21:23,420 INFO /home/user/.local/bin/bench serve --port 8001
2026-06-01 13:21:23,421 INFO /home/user/.local/bin/bench schedule
2026-06-01 13:21:23,431 INFO /home/user/.local/bin/bench worker
2026-06-02 09:53:56,342 INFO /home/user/.local/bin/bench start
2026-06-02 09:53:56,877 INFO /home/user/.local/bin/bench serve --port 8001
2026-06-02 09:53:56,885 INFO /home/user/.local/bin/bench watch
2026-06-02 09:53:56,892 INFO /home/user/.local/bin/bench schedule
2026-06-02 09:53:56,903 INFO /home/user/.local/bin/bench worker
2026-06-02 13:32:02,762 INFO /home/user/.local/bin/bench start
2026-06-02 13:32:03,078 INFO /home/user/.local/bin/bench watch
2026-06-02 13:32:03,080 INFO /home/user/.local/bin/bench serve --port 8001
2026-06-02 13:32:03,086 INFO /home/user/.local/bin/bench schedule
2026-06-02 13:32:03,090 INFO /home/user/.local/bin/bench worker
2026-06-05 12:00:01,339 INFO /usr/local/bin/bench --verbose --site all backup
2026-06-05 18:00:01,216 INFO /usr/local/bin/bench --verbose --site all backup
2026-06-06 18:00:01,584 INFO /usr/local/bin/bench --verbose --site all backup
2026-06-08 10:37:36,100 INFO /home/user/.local/bin/bench start
2026-06-08 10:37:36,365 INFO /home/user/.local/bin/bench serve --port 8001
2026-06-08 10:37:36,376 INFO /home/user/.local/bin/bench watch
2026-06-08 10:37:36,384 INFO /home/user/.local/bin/bench schedule
2026-06-08 10:37:36,385 INFO /home/user/.local/bin/bench worker
2026-06-08 12:00:01,414 INFO /usr/local/bin/bench --verbose --site all backup
2026-06-09 12:00:01,723 INFO /usr/local/bin/bench --verbose --site all backup
2026-06-11 06:00:02,044 INFO /usr/local/bin/bench --verbose --site all backup
2026-06-13 16:06:03,670 INFO /home/user/.local/bin/bench starstaryt
2026-06-13 16:06:09,247 INFO /home/user/.local/bin/bench start
2026-06-13 16:06:09,625 INFO /home/user/.local/bin/bench serve --port 8001
2026-06-13 16:06:09,635 INFO /home/user/.local/bin/bench schedule
2026-06-13 16:06:09,640 INFO /home/user/.local/bin/bench watch
2026-06-13 16:06:09,641 INFO /home/user/.local/bin/bench worker
2026-06-13 16:39:46,989 INFO /home/user/.local/bin/bench start
2026-06-13 16:39:47,381 INFO /home/user/.local/bin/bench serve --port 8001
2026-06-13 16:39:47,389 INFO /home/user/.local/bin/bench schedule
2026-06-13 16:39:47,391 INFO /home/user/.local/bin/bench worker
2026-06-13 16:39:47,391 INFO /home/user/.local/bin/bench watch
2026-06-14 10:00:40,353 INFO /home/user/.local/bin/bench start
2026-06-14 10:00:40,610 INFO /home/user/.local/bin/bench serve --port 8001
2026-06-14 10:00:40,623 INFO /home/user/.local/bin/bench watch
2026-06-14 10:00:40,626 INFO /home/user/.local/bin/bench worker
2026-06-14 10:00:40,631 INFO /home/user/.local/bin/bench schedule
2026-06-17 10:25:47,909 INFO /home/user/.local/bin/bench start
2026-06-17 10:25:48,302 INFO /home/user/.local/bin/bench serve --port 8001
2026-06-17 10:25:48,307 INFO /home/user/.local/bin/bench schedule
2026-06-17 10:25:48,316 INFO /home/user/.local/bin/bench worker
2026-06-17 10:25:48,316 INFO /home/user/.local/bin/bench watch
2026-06-17 12:00:01,717 INFO /usr/local/bin/bench --verbose --site all backup
2026-06-18 10:05:28,369 INFO /home/user/.local/bin/bench start
2026-06-18 10:05:28,623 INFO /home/user/.local/bin/bench serve --port 8001
2026-06-18 10:05:28,626 INFO /home/user/.local/bin/bench worker
2026-06-18 10:05:28,627 INFO /home/user/.local/bin/bench watch
2026-06-18 10:05:28,635 INFO /home/user/.local/bin/bench schedule
2026-06-18 10:07:20,002 INFO /home/user/.local/bin/bench start
2026-06-18 10:07:20,266 INFO /home/user/.local/bin/bench serve --port 8001
2026-06-18 10:07:20,276 INFO /home/user/.local/bin/bench schedule
2026-06-18 10:07:20,277 INFO /home/user/.local/bin/bench watch
2026-06-18 10:07:20,280 INFO /home/user/.local/bin/bench worker
2026-06-18 10:09:40,164 INFO /usr/local/bin/bench start
2026-06-18 10:15:24,889 INFO /usr/local/bin/bench --site smartcity.localhost execute frappe.db.get_list('Neighborhood', fields=['name', 'neighborhood_name', 'ward'])
2026-06-18 10:15:28,170 INFO /usr/local/bin/bench --site smartcity.localhost execute print(frappe.db.count('Neighborhood', filters=[['geojson_polygon', 'is', 'set']]))
2026-06-18 10:15:31,193 INFO /usr/local/bin/bench --site smartcity.localhost execute print(len([n for n in frappe.get_all('Neighborhood', fields=['name', 'geojson_polygon']) if n.geojson_polygon]))
2026-06-18 11:25:03,992 INFO /usr/local/bin/bench --site smartcity.localhost execute delete_hcmc.run
2026-06-18 11:25:16,397 INFO /usr/local/bin/bench --site smartcity.localhost execute import
2026-06-18 11:26:20,936 INFO /usr/local/bin/bench --site smartcity.localhost execute quan_ly_dan_cu.delete_hcmc.run
2026-06-18 11:32:59,302 INFO /usr/local/bin/bench --site smartcity.localhost execute print(frappe.get_all('Neighborhood', fields=['name', 'neighborhood_name', 'geojson_polygon']))
2026-06-18 11:33:03,153 INFO /usr/local/bin/bench --site smartcity.localhost execute 
import frappe
all_nb = frappe.get_all('Neighborhood')
with_poly = frappe.get_all('Neighborhood', filters={'geojson_polygon': ('!=', '')})
print('Total neighborhoods:', len(all_nb))
print('With polygon:', len(with_poly))
for n in with_poly[:10]:
    print(n.name, n.neighborhood_name)

2026-06-18 11:33:06,413 INFO /usr/local/bin/bench --site smartcity.localhost execute print('Total:', len(frappe.get_all('Neighborhood'))); print('Polygons:', len(frappe.get_all('Neighborhood', filters=[['geojson_polygon', 'is', 'set']])))
2026-06-18 11:33:10,355 INFO /usr/local/bin/bench --site smartcity.localhost execute (len(frappe.get_all('Neighborhood')), len(frappe.get_all('Neighborhood', filters=[['geojson_polygon', 'is', 'set']])))
2026-06-18 11:33:13,694 INFO /usr/local/bin/bench --site smartcity.localhost execute [n.neighborhood_name for n in frappe.get_all('Neighborhood', filters=[['geojson_polygon', 'is', 'set']], fields=['neighborhood_name'])]
2026-06-18 11:36:28,990 INFO /usr/local/bin/bench --site smartcity.localhost execute import sys; sys.path.insert(0, '.'); import migrate_boundaries; migrate_boundaries.migrate()
2026-06-18 11:36:33,317 INFO /usr/local/bin/bench --site smartcity.localhost execute __import__('sys').path.insert(0, '.') or __import__('migrate_boundaries').migrate()
2026-06-18 11:36:37,781 INFO /usr/local/bin/bench --site smartcity.localhost execute __import__('sys').path.insert(0, '/home/user/Smart_City_V2/backend/v16-bench') or __import__('migrate_boundaries').migrate()
2026-06-18 12:00:01,412 INFO /usr/local/bin/bench --verbose --site all backup
2026-06-18 13:48:23,866 INFO /usr/local/bin/bench --site smartcity.localhost execute print(frappe.get_all('District', fields=['name', 'district_name']))
2026-06-18 13:48:24,772 INFO /usr/local/bin/bench --site smartcity.localhost execute print(frappe.get_all('Ward', fields=['name', 'ward_name', 'district'], limit=10))
2026-06-18 13:48:30,315 INFO /usr/local/bin/bench --site smartcity.localhost execute print('District fields:', [f.fieldname for f in frappe.get_meta('District').fields])
2026-06-18 13:48:30,785 INFO /usr/local/bin/bench --site smartcity.localhost execute print('Ward fields:', [f.fieldname for f in frappe.get_meta('Ward').fields])
2026-06-18 13:48:36,933 INFO /usr/local/bin/bench --site smartcity.localhost execute print('Districts with boundary:', len(frappe.get_all('District', filters=[['geojson_boundary', 'is', 'set']])))
2026-06-18 13:48:37,573 INFO /usr/local/bin/bench --site smartcity.localhost execute print('Wards with boundary:', len(frappe.get_all('Ward', filters=[['geojson_boundary', 'is', 'set']])))
2026-06-18 14:00:47,319 INFO /usr/local/bin/bench --site smartcity.localhost execute __import__('sys').path.insert(0, '/home/user/Smart_City_V2/backend/v16-bench') or __import__('print_matching')
2026-06-18 14:00:53,908 INFO /usr/local/bin/bench --site smartcity.localhost execute __import__('sys').path.insert(0, '/home/user/Smart_City_V2/backend/v16-bench') or __import__('print_matching')
2026-06-18 14:02:47,999 INFO /usr/local/bin/bench --site smartcity.localhost execute __import__('sys').path.insert(0, '/home/user/Smart_City_V2/backend/v16-bench') or __import__('import_district_boundaries').import_boundaries()
2026-06-18 14:09:43,289 INFO /usr/local/bin/bench --site smartcity.localhost execute 
import frappe
hc = frappe.get_all('District', filters={'district_name': 'Hải Châu'})
if hc:
    hc_name = hc[0].name
    wards = frappe.get_all('Ward', filters={'district': hc_name}, fields=['name', 'ward_name'])
    print('Hải Châu ID:', hc_name)
    print('Wards in Hải Châu:')
    for w in wards:
        print(f'  - ID: {w.name} | Name: {w.ward_name}')
else:
    print('Hải Châu district not found')

2026-06-18 14:09:59,603 INFO /usr/local/bin/bench --site smartcity.localhost execute [f'{w.name}: {w.ward_name}' for w in frappe.get_all('Ward', filters={'district': frappe.get_all('District', filters={'district_name': 'Hải Châu'})[0].name}, fields=['name', 'ward_name'])]
2026-06-18 14:14:41,911 INFO /usr/local/bin/bench --site smartcity.localhost execute __import__('sys').path.insert(0, '/home/user/Smart_City_V2/backend/v16-bench') or __import__('check_households')
2026-06-18 14:15:08,010 INFO /usr/local/bin/bench --site smartcity.localhost execute __import__('sys').path.insert(0, '/home/user/Smart_City_V2/backend/v16-bench') or __import__('import_hc_data').run_import()
2026-06-18 14:16:17,000 INFO /usr/local/bin/bench --site smartcity.localhost execute check_hc.run
2026-06-18 14:16:23,584 INFO /usr/local/bin/bench --site smartcity.localhost execute import sys; sys.path.insert(0, '.'); import check_hc; check_hc.run()
2026-06-18 15:53:07,397 INFO /usr/local/bin/bench --site smartcity.localhost execute create_deletion_history_doctype.execute
2026-06-18 15:57:07,254 INFO /usr/local/bin/bench --site smartcity.localhost execute smart_city.custom.doctype_setup.create_deletion_history
2026-06-18 15:57:47,579 INFO /usr/local/bin/bench --site smartcity.localhost execute quan_ly_dan_cu.custom.doctype_setup.create_deletion_history
2026-06-18 15:58:20,694 INFO /usr/local/bin/bench --site smartcity.localhost execute frappe.custom_doctype.execute
2026-06-18 16:17:00,467 INFO /usr/local/bin/bench --site smartcity.localhost execute frappe.update_deletion_history.execute
2026-06-19 08:53:49,001 INFO /home/user/.local/bin/bench start
2026-06-19 08:53:49,245 INFO /home/user/.local/bin/bench watch
2026-06-19 08:53:49,248 INFO /home/user/.local/bin/bench schedule
2026-06-19 08:53:49,255 INFO /home/user/.local/bin/bench serve --port 8001
2026-06-19 08:53:49,267 INFO /home/user/.local/bin/bench worker
2026-06-19 09:12:55,755 INFO /usr/local/bin/bench --site common_site_config.json execute quan_ly_dan_cu.fix_haichau1_boundaries.execute
2026-06-19 09:13:08,927 INFO /usr/local/bin/bench --site smartcity.localhost execute quan_ly_dan_cu.fix_haichau1_boundaries.execute
2026-06-19 09:15:07,793 INFO /usr/local/bin/bench --site smartcity.localhost execute quan_ly_dan_cu.fix_haichau1_boundaries.execute
2026-06-19 09:26:12,764 INFO /usr/local/bin/bench --site smartcity.localhost execute quan_ly_dan_cu.save_ward_boundary.execute
2026-06-19 09:26:32,977 INFO /usr/local/bin/bench --site smartcity.localhost execute quan_ly_dan_cu.save_ward_boundary.execute
2026-06-19 09:32:28,410 INFO /usr/local/bin/bench --site smartcity.localhost execute quan_ly_dan_cu.save_convex_hull_boundary.execute
2026-06-19 09:39:50,621 INFO /usr/local/bin/bench --site smartcity.localhost execute quan_ly_dan_cu.reassign_households.execute
2026-06-19 09:56:41,582 INFO /usr/local/bin/bench --site smartcity.localhost execute quan_ly_dan_cu.reassign_households.execute
2026-06-19 10:34:16,533 INFO /usr/local/bin/bench --site smartcity.localhost execute quan_ly_dan_cu.setup_doctypes_v3.create_custom_doctypes
2026-06-19 10:34:30,873 INFO /usr/local/bin/bench --site smartcity.localhost execute quan_ly_dan_cu.setup_doctypes_v3.execute
2026-06-19 10:42:01,156 INFO /usr/local/bin/bench --site smartcity.localhost execute quan_ly_dan_cu.update_reqd.execute
2026-06-19 12:00:01,672 INFO /usr/local/bin/bench --verbose --site all backup
2026-06-19 14:08:49,971 INFO /home/user/.local/bin/bench start
2026-06-19 14:08:50,282 INFO /home/user/.local/bin/bench watch
2026-06-19 14:08:50,286 INFO /home/user/.local/bin/bench serve --port 8001
2026-06-19 14:08:50,286 INFO /home/user/.local/bin/bench schedule
2026-06-19 14:08:50,289 INFO /home/user/.local/bin/bench worker
