2026-05-28 15:56:39,689 WARNING database DDL Query made to DB:
CREATE INDEX IF NOT EXISTS "reference_name_reference_doctype_status_index" ON "public"."tabWorkflow Action" ("reference_name", "reference_doctype", "status")
2026-05-28 15:56:39,709 WARNING database DDL Query made to DB:
create table "tabWorkflow Transition Tasks" (
			name varchar(140) primary key,
			creation timestamp(6),
			modified timestamp(6),
			modified_by varchar(140),
			owner varchar(140),
			docstatus smallint not null default '0',
			idx bigint not null default '0',
			"_user_tags" text,
"_comments" text,
"_assign" text,
"_liked_by" text
			)
2026-05-28 15:56:39,743 WARNING database DDL Query made to DB:
create table "tabWorkflow" (
			name varchar(140) primary key,
			creation timestamp(6),
			modified timestamp(6),
			modified_by varchar(140),
			owner varchar(140),
			docstatus smallint not null default '0',
			idx bigint not null default '0',
			"workflow_name" varchar(140) UNIQUE,
"document_type" varchar(140),
"is_active" smallint NOT NULL DEFAULT 0,
"override_status" smallint NOT NULL DEFAULT 0,
"send_email_alert" smallint NOT NULL DEFAULT 0,
"enable_action_confirmation" smallint NOT NULL DEFAULT 0,
"workflow_state_field" varchar(140) DEFAULT 'workflow_state',
"workflow_data" json,
"_user_tags" text,
"_comments" text,
"_assign" text,
"_liked_by" text
			)
2026-05-28 15:56:39,775 WARNING database DDL Query made to DB:
create table "tabWorkflow Document State" (
			name varchar(140) primary key,
			creation timestamp(6),
			modified timestamp(6),
			modified_by varchar(140),
			owner varchar(140),
			docstatus smallint not null default '0',
			idx bigint not null default '0',
			"state" varchar(140),
"doc_status" varchar(140) DEFAULT '0',
"update_field" varchar(140),
"update_value" varchar(140),
"evaluate_as_expression" smallint NOT NULL DEFAULT 0,
"is_optional_state" smallint NOT NULL DEFAULT 0,
"avoid_status_override" smallint NOT NULL DEFAULT 0,
"next_action_email_template" varchar(140),
"allow_edit" varchar(140),
"send_email" smallint NOT NULL DEFAULT 1,
"message" text,
"workflow_builder_id" varchar(140),
parent varchar(140),
parentfield varchar(140),
parenttype varchar(140)
			)
2026-05-28 15:56:39,802 WARNING database DDL Query made to DB:
create table "tabWorkflow Action Permitted Role" (
			name varchar(140) primary key,
			creation timestamp(6),
			modified timestamp(6),
			modified_by varchar(140),
			owner varchar(140),
			docstatus smallint not null default '0',
			idx bigint not null default '0',
			"role" varchar(140),
parent varchar(140),
parentfield varchar(140),
parenttype varchar(140)
			)
2026-05-28 15:56:39,835 WARNING database DDL Query made to DB:
create table "tabWorkflow Transition Task" (
			name varchar(140) primary key,
			creation timestamp(6),
			modified timestamp(6),
			modified_by varchar(140),
			owner varchar(140),
			docstatus smallint not null default '0',
			idx bigint not null default '0',
			"task" varchar(140),
"asynchronous" smallint NOT NULL DEFAULT 0,
"enabled" smallint NOT NULL DEFAULT 1,
"link" varchar(140),
parent varchar(140),
parentfield varchar(140),
parenttype varchar(140)
			)
2026-05-28 15:56:39,877 WARNING database DDL Query made to DB:
create table "tabWorkflow Action Master" (
			name varchar(140) primary key,
			creation timestamp(6),
			modified timestamp(6),
			modified_by varchar(140),
			owner varchar(140),
			docstatus smallint not null default '0',
			idx bigint not null default '0',
			"workflow_action_name" varchar(140) UNIQUE,
"_user_tags" text,
"_comments" text,
"_assign" text,
"_liked_by" text
			)
2026-05-28 15:56:39,953 WARNING database DDL Query made to DB:
create table "tabEmail Flag Queue" (
			name varchar(140) primary key,
			creation timestamp(6),
			modified timestamp(6),
			modified_by varchar(140),
			owner varchar(140),
			docstatus smallint not null default '0',
			idx bigint not null default '0',
			"is_completed" smallint NOT NULL DEFAULT 0,
"communication" varchar(140),
"action" varchar(140),
"email_account" varchar(140),
"uid" varchar(140),
"_user_tags" text,
"_comments" text,
"_assign" text,
"_liked_by" text
			)
2026-05-28 15:56:40,087 WARNING database DDL Query made to DB:
create table "tabAuto Email Report" (
			name varchar(140) primary key,
			creation timestamp(6),
			modified timestamp(6),
			modified_by varchar(140),
			owner varchar(140),
			docstatus smallint not null default '0',
			idx bigint not null default '0',
			"report" varchar(140),
"user" varchar(140) DEFAULT 'User',
"enabled" smallint NOT NULL DEFAULT 1,
"report_type" varchar(140),
"reference_report" varchar(140),
"send_if_data" smallint NOT NULL DEFAULT 1,
"data_modified_till" int NOT NULL DEFAULT 0,
"no_of_rows" int NOT NULL DEFAULT 100,
"filters" text,
"filter_meta" text,
"from_date_field" varchar(140),
"to_date_field" varchar(140),
"dynamic_date_period" varchar(140),
"use_first_day_of_period" smallint NOT NULL DEFAULT 0,
"email_to" text,
"day_of_week" varchar(140) DEFAULT 'Monday',
"sender" varchar(140),
"frequency" varchar(140),
"format" varchar(140),
"description" text,
"_user_tags" text,
"_comments" text,
"_assign" text,
"_liked_by" text
			)
2026-05-28 15:56:40,146 WARNING database DDL Query made to DB:
create table "tabEmail Group Member" (
			name varchar(140) primary key,
			creation timestamp(6),
			modified timestamp(6),
			modified_by varchar(140),
			owner varchar(140),
			docstatus smallint not null default '0',
			idx bigint not null default '0',
			"email_group" varchar(140),
"email" varchar(140),
"unsubscribed" smallint NOT NULL DEFAULT 0,
"_user_tags" text,
"_comments" text,
"_assign" text,
"_liked_by" text
			)
2026-05-28 15:56:40,146 WARNING database DDL Query made to DB:
CREATE INDEX IF NOT EXISTS "email_group" ON "tabEmail Group Member"("email_group");CREATE INDEX IF NOT EXISTS "unsubscribed" ON "tabEmail Group Member"("unsubscribed");
2026-05-28 15:56:40,158 WARNING database DDL Query made to DB:
ALTER TABLE "public"."tabEmail Group Member"
					ADD CONSTRAINT "unique_email_group_email" UNIQUE ("email_group", "email")
2026-05-28 15:56:40,271 WARNING database DDL Query made to DB:
create table "tabEmail Account" (
			name varchar(140) primary key,
			creation timestamp(6),
			modified timestamp(6),
			modified_by varchar(140),
			owner varchar(140),
			docstatus smallint not null default '0',
			idx bigint not null default '0',
			"email_id" varchar(140),
"email_account_name" varchar(140) UNIQUE,
"enable_incoming" smallint NOT NULL DEFAULT 0,
"enable_outgoing" smallint NOT NULL DEFAULT 0,
"service" varchar(140),
"domain" varchar(140),
"frappe_mail_site" varchar(140) DEFAULT 'https://frappemail.com',
"auth_method" varchar(140) DEFAULT 'Basic',
"backend_app_flow" smallint NOT NULL DEFAULT 0,
"password" text,
"awaiting_password" smallint NOT NULL DEFAULT 0,
"ascii_encode_password" smallint NOT NULL DEFAULT 0,
"api_key" varchar(140),
"api_secret" text,
"connected_app" varchar(140),
"connected_user" varchar(140),
"login_id_is_different" smallint NOT NULL DEFAULT 0,
"login_id" varchar(140),
"default_incoming" smallint NOT NULL DEFAULT 0,
"attachment_limit" int NOT NULL DEFAULT 0,
"last_received_at" timestamp,
"use_imap" smallint NOT NULL DEFAULT 0,
"use_ssl" smallint NOT NULL DEFAULT 0,
"validate_ssl_certificate" smallint NOT NULL DEFAULT 1,
"use_starttls" smallint NOT NULL DEFAULT 0,
"email_server" varchar(140),
"incoming_port" varchar(140),
"email_sync_option" varchar(140) DEFAULT 'UNSEEN',
"initial_sync_count" varchar(140) DEFAULT '250',
"append_emails_to_sent_folder" smallint NOT NULL DEFAULT 0,
"sent_folder_name" varchar(140),
"append_to" varchar(140),
"create_contact" smallint NOT NULL DEFAULT 1,
"enable_automatic_linking" smallint NOT NULL DEFAULT 0,
"notify_if_unreplied" smallint NOT NULL DEFAULT 0,
"unreplied_for_mins" int NOT NULL DEFAULT 30,
"send_notification_to" text,
"default_outgoing" smallint NOT NULL DEFAULT 0,
"always_use_account_email_id_as_sender" smallint NOT NULL DEFAULT 0,
"always_use_account_name_as_sender_name" smallint NOT NULL DEFAULT 0,
"send_unsubscribe_message" smallint NOT NULL DEFAULT 1,
"track_email_status" smallint NOT NULL DEFAULT 1,
"add_x_original_from" smallint NOT NULL DEFAULT 1,
"add_reply_to_header" smallint NOT NULL DEFAULT 1,
"use_tls" smallint NOT NULL DEFAULT 0,
"use_ssl_for_outgoing" smallint NOT NULL DEFAULT 0,
"smtp_server" varchar(140),
"smtp_port" varchar(140),
"no_smtp_authentication" smallint NOT NULL DEFAULT 0,
"dsn_notify_type" varchar(140),
"always_bcc" varchar(140),
"add_signature" smallint NOT NULL DEFAULT 0,
"signature" text,
"enable_auto_reply" smallint NOT NULL DEFAULT 0,
"auto_reply_message" text,
"footer" text,
"brand_logo" text,
"uidvalidity" varchar(140),
"uidnext" int NOT NULL DEFAULT 0,
"no_failed" int NOT NULL DEFAULT 0,
"_user_tags" text,
"_comments" text,
"_assign" text,
"_liked_by" text
			)
2026-05-28 15:56:40,272 WARNING database DDL Query made to DB:
CREATE INDEX IF NOT EXISTS "domain" ON "tabEmail Account"("domain");
2026-05-28 15:56:40,286 WARNING database DDL Query made to DB:
ALTER TABLE "public"."tabEmail Account"
					ADD CONSTRAINT "unique_email_account_type" UNIQUE ("email_id", "enable_incoming", "enable_outgoing")
2026-05-28 15:56:40,332 WARNING database DDL Query made to DB:
create table "tabEmail Queue" (
			name varchar(140) primary key,
			creation timestamp(6),
			modified timestamp(6),
			modified_by varchar(140),
			owner varchar(140),
			docstatus smallint not null default '0',
			idx bigint not null default '0',
			"sender" varchar(140),
"show_as_cc" text,
"message" text,
"status" varchar(140) DEFAULT 'Not Sent',
"error" text,
"message_id" text,
"reference_doctype" varchar(140),
"reference_name" varchar(140),
"communication" varchar(140),
"send_after" timestamp,
"priority" int NOT NULL DEFAULT 1,
"add_unsubscribe_link" smallint NOT NULL DEFAULT 1,
"unsubscribe_params" text,
"unsubscribe_method" varchar(140),
"expose_recipients" varchar(140),
"attachments" text,
"retry" int NOT NULL DEFAULT 0,
"email_account" varchar(140),
"raw_html" smallint NOT NULL DEFAULT 0,
"_user_tags" text,
"_comments" text,
"_assign" text,
"_liked_by" text
			)
2026-05-28 15:56:40,333 WARNING database DDL Query made to DB:
CREATE INDEX IF NOT EXISTS "reference_name" ON "tabEmail Queue"("reference_name");CREATE INDEX IF NOT EXISTS "communication" ON "tabEmail Queue"("communication");
2026-05-28 15:56:40,348 WARNING database DDL Query made to DB:
CREATE INDEX IF NOT EXISTS "index_bulk_flush" ON "public"."tabEmail Queue" ("status", "send_after", "priority", "creation")
2026-05-28 15:56:40,351 WARNING database DDL Query made to DB:
CREATE INDEX IF NOT EXISTS "message_id_index" ON "public"."tabEmail Queue" ("message_id")
2026-05-28 15:56:40,368 WARNING database DDL Query made to DB:
create table "tabEmail Unsubscribe" (
			name varchar(140) primary key,
			creation timestamp(6),
			modified timestamp(6),
			modified_by varchar(140),
			owner varchar(140),
			docstatus smallint not null default '0',
			idx bigint not null default '0',
			"email" varchar(140),
"reference_doctype" varchar(140),
"reference_name" varchar(140),
"global_unsubscribe" smallint NOT NULL DEFAULT 0,
"_user_tags" text,
"_comments" text,
"_assign" text,
"_liked_by" text
			)
2026-05-28 15:56:40,369 WARNING database DDL Query made to DB:
CREATE INDEX IF NOT EXISTS "email" ON "tabEmail Unsubscribe"("email");
2026-05-28 15:56:40,402 WARNING database DDL Query made to DB:
create table "tabEmail Group" (
			name varchar(140) primary key,
			creation timestamp(6),
			modified timestamp(6),
			modified_by varchar(140),
			owner varchar(140),
			docstatus smallint not null default '0',
			idx bigint not null default '0',
			"title" varchar(140) UNIQUE,
"total_subscribers" int NOT NULL DEFAULT 0,
"confirmation_email_template" varchar(140),
"welcome_email_template" varchar(140),
"welcome_url" varchar(140),
"add_query_parameters" smallint NOT NULL DEFAULT 0,
"_user_tags" text,
"_comments" text,
"_assign" text,
"_liked_by" text
			)
2026-05-28 15:56:40,433 WARNING database DDL Query made to DB:
create table "tabEmail Template" (
			name varchar(140) primary key,
			creation timestamp(6),
			modified timestamp(6),
			modified_by varchar(140),
			owner varchar(140),
			docstatus smallint not null default '0',
			idx bigint not null default '0',
			"subject" varchar(140),
"use_html" smallint NOT NULL DEFAULT 0,
"response_html" text,
"response" text,
"_user_tags" text,
"_comments" text,
"_assign" text,
"_liked_by" text
			)
2026-05-28 15:56:40,467 WARNING database DDL Query made to DB:
create table "tabEmail Domain" (
			name varchar(140) primary key,
			creation timestamp(6),
			modified timestamp(6),
			modified_by varchar(140),
			owner varchar(140),
			docstatus smallint not null default '0',
			idx bigint not null default '0',
			"domain_name" varchar(140) UNIQUE,
"email_server" varchar(140),
"use_imap" smallint NOT NULL DEFAULT 0,
"use_ssl" smallint NOT NULL DEFAULT 0,
"validate_ssl_certificate" smallint NOT NULL DEFAULT 1,
"use_starttls" smallint NOT NULL DEFAULT 0,
"incoming_port" varchar(140),
"attachment_limit" int NOT NULL DEFAULT 0,
"smtp_server" varchar(140),
"use_tls" smallint NOT NULL DEFAULT 0,
"use_ssl_for_outgoing" smallint NOT NULL DEFAULT 0,
"validate_ssl_certificate_for_outgoing" smallint NOT NULL DEFAULT 1,
"smtp_port" varchar(140),
"append_emails_to_sent_folder" smallint NOT NULL DEFAULT 0,
"sent_folder_name" varchar(140) DEFAULT 'Sent',
"_user_tags" text,
"_comments" text,
"_assign" text,
"_liked_by" text
			)
2026-05-28 15:56:40,494 WARNING database DDL Query made to DB:
create table "tabNotification Recipient" (
			name varchar(140) primary key,
			creation timestamp(6),
			modified timestamp(6),
			modified_by varchar(140),
			owner varchar(140),
			docstatus smallint not null default '0',
			idx bigint not null default '0',
			"receiver_by_document_field" varchar(140),
"receiver_by_role" varchar(140),
"cc" text,
"bcc" text,
"condition" varchar(140),
parent varchar(140),
parentfield varchar(140),
parenttype varchar(140)
			)
2026-05-28 15:56:40,523 WARNING database DDL Query made to DB:
create table "tabUnhandled Email" (
			name varchar(140) primary key,
			creation timestamp(6),
			modified timestamp(6),
			modified_by varchar(140),
			owner varchar(140),
			docstatus smallint not null default '0',
			idx bigint not null default '0',
			"email_account" varchar(140),
"uid" varchar(140),
"reason" text,
"message_id" text,
"raw" text,
"_user_tags" text,
"_comments" text,
"_assign" text,
"_liked_by" text
			)
2026-05-28 15:56:40,549 WARNING database DDL Query made to DB:
create table "tabReply To Address" (
			name varchar(140) primary key,
			creation timestamp(6),
			modified timestamp(6),
			modified_by varchar(140),
			owner varchar(140),
			docstatus smallint not null default '0',
			idx bigint not null default '0',
			"_name" varchar(140),
"email" varchar(140),
parent varchar(140),
parentfield varchar(140),
parenttype varchar(140)
			)
2026-05-28 15:56:40,577 WARNING database DDL Query made to DB:
create table "tabDocument Follow" (
			name varchar(140) primary key,
			creation timestamp(6),
			modified timestamp(6),
			modified_by varchar(140),
			owner varchar(140),
			docstatus smallint not null default '0',
			idx bigint not null default '0',
			"ref_doctype" varchar(140),
"ref_docname" varchar(140),
"user" varchar(140),
"_user_tags" text,
"_comments" text,
"_assign" text,
"_liked_by" text
			)
2026-05-28 15:56:40,578 WARNING database DDL Query made to DB:
CREATE INDEX IF NOT EXISTS "ref_doctype" ON "tabDocument Follow"("ref_doctype");CREATE INDEX IF NOT EXISTS "ref_docname" ON "tabDocument Follow"("ref_docname");CREATE INDEX IF NOT EXISTS "user" ON "tabDocument Follow"("user");
2026-05-28 15:56:40,605 WARNING database DDL Query made to DB:
create table "tabEmail Rule" (
			name varchar(140) primary key,
			creation timestamp(6),
			modified timestamp(6),
			modified_by varchar(140),
			owner varchar(140),
			docstatus smallint not null default '0',
			idx bigint not null default '0',
			"email_id" varchar(140) UNIQUE,
"is_spam" smallint NOT NULL DEFAULT 0,
"_user_tags" text,
"_comments" text,
"_assign" text,
"_liked_by" text
			)
2026-05-28 15:56:40,632 WARNING database DDL Query made to DB:
create table "tabIMAP Folder" (
			name varchar(140) primary key,
			creation timestamp(6),
			modified timestamp(6),
			modified_by varchar(140),
			owner varchar(140),
			docstatus smallint not null default '0',
			idx bigint not null default '0',
			"folder_name" varchar(140),
"append_to" varchar(140),
"uidvalidity" varchar(140),
"uidnext" varchar(140),
parent varchar(140),
parentfield varchar(140),
parenttype varchar(140)
			)
2026-05-28 15:56:40,657 WARNING database DDL Query made to DB:
create table "tabEmail Queue Recipient" (
			name varchar(140) primary key,
			creation timestamp(6),
			modified timestamp(6),
			modified_by varchar(140),
			owner varchar(140),
			docstatus smallint not null default '0',
			idx bigint not null default '0',
			"recipient" varchar(140),
"status" varchar(140) DEFAULT 'Not Sent',
"error" text,
parent varchar(140),
parentfield varchar(140),
parenttype varchar(140)
			)
2026-05-28 15:56:40,657 WARNING database DDL Query made to DB:
CREATE INDEX IF NOT EXISTS "status" ON "tabEmail Queue Recipient"("status");
2026-05-28 15:56:40,668 WARNING database DDL Query made to DB:
CREATE INDEX IF NOT EXISTS "modified_index" ON "public"."tabEmail Queue Recipient" ("modified")
2026-05-28 15:56:40,685 WARNING database DDL Query made to DB:
create table "tabDocType Layout Field" (
			name varchar(140) primary key,
			creation timestamp(6),
			modified timestamp(6),
			modified_by varchar(140),
			owner varchar(140),
			docstatus smallint not null default '0',
			idx bigint not null default '0',
			"label" varchar(140),
"fieldname" varchar(140),
parent varchar(140),
parentfield varchar(140),
parenttype varchar(140)
			)
2026-05-28 15:56:40,776 WARNING database DDL Query made to DB:
create table "tabDocType Layout" (
			name varchar(140) primary key,
			creation timestamp(6),
			modified timestamp(6),
			modified_by varchar(140),
			owner varchar(140),
			docstatus smallint not null default '0',
			idx bigint not null default '0',
			"document_type" varchar(140),
"route" varchar(140),
"client_script" text,
"_user_tags" text,
"_comments" text,
"_assign" text,
"_liked_by" text
			)
2026-05-28 15:56:40,830 WARNING database DDL Query made to DB:
create table "tabCustomize Form Field" (
			name varchar(140) primary key,
			creation timestamp(6),
			modified timestamp(6),
			modified_by varchar(140),
			owner varchar(140),
			docstatus smallint not null default '0',
			idx bigint not null default '0',
			"is_system_generated" smallint NOT NULL DEFAULT 0,
"label" varchar(255),
"fieldtype" varchar(140) DEFAULT 'Data',
"fieldname" varchar(140),
"non_negative" smallint NOT NULL DEFAULT 0,
"reqd" smallint NOT NULL DEFAULT 0,
"unique" smallint NOT NULL DEFAULT 0,
"is_virtual" smallint NOT NULL DEFAULT 0,
"in_list_view" smallint NOT NULL DEFAULT 0,
"in_standard_filter" smallint NOT NULL DEFAULT 0,
"in_global_search" smallint NOT NULL DEFAULT 0,
"in_preview" smallint NOT NULL DEFAULT 0,
"bold" smallint NOT NULL DEFAULT 0,
"no_copy" smallint NOT NULL DEFAULT 0,
"allow_in_quick_entry" smallint NOT NULL DEFAULT 0,
"translatable" smallint NOT NULL DEFAULT 1,
"mask" smallint NOT NULL DEFAULT 0,
"link_filters" json,
"default" text,
"precision" varchar(140),
"length" int NOT NULL DEFAULT 0,
"options" text,
"sort_options" smallint NOT NULL DEFAULT 0,
"fetch_from" text,
"fetch_if_empty" smallint NOT NULL DEFAULT 0,
"show_dashboard" smallint NOT NULL DEFAULT 0,
"depends_on" text,
"permlevel" int NOT NULL DEFAULT 0,
"hidden" smallint NOT NULL DEFAULT 0,
"read_only" smallint NOT NULL DEFAULT 0,
"collapsible" smallint NOT NULL DEFAULT 0,
"allow_bulk_edit" smallint NOT NULL DEFAULT 0,
"collapsible_depends_on" text,
"ignore_user_permissions" smallint NOT NULL DEFAULT 0,
"allow_on_submit" smallint NOT NULL DEFAULT 0,
"report_hide" smallint NOT NULL DEFAULT 0,
"remember_last_selected_value" smallint NOT NULL DEFAULT 0,
"hide_border" smallint NOT NULL DEFAULT 0,
"ignore_xss_filter" smallint NOT NULL DEFAULT 0,
"mandatory_depends_on" text,
"read_only_depends_on" text,
"button_color" varchar(140),
"in_filter" smallint NOT NULL DEFAULT 0,
"hide_seconds" smallint NOT NULL DEFAULT 0,
"hide_days" smallint NOT NULL DEFAULT 0,
"description" text,
"placeholder" varchar(140),
"print_hide" smallint NOT NULL DEFAULT 0,
"print_hide_if_no_value" smallint NOT NULL DEFAULT 0,
"print_width" varchar(140),
"alignment" varchar(140),
"columns" int NOT NULL DEFAULT 0,
"width" varchar(140),
"is_custom_field" smallint NOT NULL DEFAULT 0,
parent varchar(140),
parentfield varchar(140),
parenttype varchar(140)
			)
2026-05-28 15:56:40,831 WARNING database DDL Query made to DB:
CREATE INDEX IF NOT EXISTS "label" ON "tabCustomize Form Field"("label");CREATE INDEX IF NOT EXISTS "fieldtype" ON "tabCustomize Form Field"("fieldtype");CREATE INDEX IF NOT EXISTS "fieldname" ON "tabCustomize Form Field"("fieldname");
2026-05-28 15:56:40,942 WARNING database DDL Query made to DB:
create table "tabCurrency" (
			name varchar(140) primary key,
			creation timestamp(6),
			modified timestamp(6),
			modified_by varchar(140),
			owner varchar(140),
			docstatus smallint not null default '0',
			idx bigint not null default '0',
			"currency_name" varchar(140) UNIQUE,
"enabled" smallint NOT NULL DEFAULT 0,
"fraction" varchar(140),
"fraction_units" int NOT NULL DEFAULT 0,
"smallest_currency_fraction_value" decimal(21,9) NOT NULL DEFAULT 0.0,
"symbol" varchar(140),
"symbol_on_right" smallint NOT NULL DEFAULT 0,
"number_format" varchar(140),
"_user_tags" text,
"_comments" text,
"_assign" text,
"_liked_by" text
			)
2026-05-28 15:56:41,056 WARNING database DDL Query made to DB:
create table "tabCountry" (
			name varchar(140) primary key,
			creation timestamp(6),
			modified timestamp(6),
			modified_by varchar(140),
			owner varchar(140),
			docstatus smallint not null default '0',
			idx bigint not null default '0',
			"country_name" varchar(140) UNIQUE,
"code" varchar(64),
"date_format" varchar(140),
"time_format" varchar(140) DEFAULT 'HH:mm:ss',
"time_zones" text,
"_user_tags" text,
"_comments" text,
"_assign" text,
"_liked_by" text
			)
2026-05-28 15:56:41,085 WARNING database DDL Query made to DB:
create table "tabEvent Participants" (
			name varchar(140) primary key,
			creation timestamp(6),
			modified timestamp(6),
			modified_by varchar(140),
			owner varchar(140),
			docstatus smallint not null default '0',
			idx bigint not null default '0',
			"reference_doctype" varchar(140),
"reference_docname" varchar(140),
"email" varchar(140),
"attending" varchar(140),
parent varchar(140),
parentfield varchar(140),
parenttype varchar(140)
			)
2026-05-28 15:56:41,184 WARNING database DDL Query made to DB:
create table "tabCustom HTML Block" (
			name varchar(140) primary key,
			creation timestamp(6),
			modified timestamp(6),
			modified_by varchar(140),
			owner varchar(140),
			docstatus smallint not null default '0',
			idx bigint not null default '0',
			"private" smallint NOT NULL DEFAULT 0,
"html" text,
"script" text,
"style" text,
"_user_tags" text,
"_comments" text,
"_assign" text,
"_liked_by" text
			)
2026-05-28 15:56:41,234 WARNING database DDL Query made to DB:
create table "tabEvent" (
			name varchar(140) primary key,
			creation timestamp(6),
			modified timestamp(6),
			modified_by varchar(140),
			owner varchar(140),
			docstatus smallint not null default '0',
			idx bigint not null default '0',
			"subject" text,
"event_category" varchar(140),
"event_type" varchar(140),
"color" varchar(140),
"repeat_this_event" smallint NOT NULL DEFAULT 0,
"location" varchar(140),
"starts_on" timestamp,
"ends_on" timestamp,
"status" varchar(140) DEFAULT 'Open',
"sender" varchar(140),
"attending" varchar(140),
"all_day" smallint NOT NULL DEFAULT 0,
"sync_with_google_calendar" smallint NOT NULL DEFAULT 0,
"add_video_conferencing" smallint NOT NULL DEFAULT 0,
"google_calendar" varchar(140),
"google_calendar_id" varchar(140),
"google_calendar_event_id" varchar(320),
"google_meet_link" text,
"pulled_from_google_calendar" smallint NOT NULL DEFAULT 0,
"repeat_on" varchar(140),
"repeat_till" date,
"monday" smallint NOT NULL DEFAULT 0,
"tuesday" smallint NOT NULL DEFAULT 0,
"wednesday" smallint NOT NULL DEFAULT 0,
"thursday" smallint NOT NULL DEFAULT 0,
"friday" smallint NOT NULL DEFAULT 0,
"saturday" smallint NOT NULL DEFAULT 0,
"sunday" smallint NOT NULL DEFAULT 0,
"description" text,
"reference_doctype" varchar(140),
"reference_docname" varchar(140),
"send_reminder" smallint NOT NULL DEFAULT 1,
"_user_tags" text,
"_comments" text,
"_assign" text,
"_liked_by" text,
"_seen" text
			)
2026-05-28 15:56:41,234 WARNING database DDL Query made to DB:
CREATE INDEX IF NOT EXISTS "event_type" ON "tabEvent"("event_type");
2026-05-28 15:56:41,322 WARNING database DDL Query made to DB:
create table "tabNotification Subscribed Document" (
			name varchar(140) primary key,
			creation timestamp(6),
			modified timestamp(6),
			modified_by varchar(140),
			owner varchar(140),
			docstatus smallint not null default '0',
			idx bigint not null default '0',
			"document" varchar(140),
parent varchar(140),
parentfield varchar(140),
parenttype varchar(140)
			)
2026-05-28 15:56:41,382 WARNING database DDL Query made to DB:
create table "tabConsole Log" (
			name varchar(140) primary key,
			creation timestamp(6),
			modified timestamp(6),
			modified_by varchar(140),
			owner varchar(140),
			docstatus smallint not null default '0',
			idx bigint not null default '0',
			"script" text,
"type" varchar(140),
"committed" smallint NOT NULL DEFAULT 0,
"_user_tags" text,
"_comments" text,
"_assign" text,
"_liked_by" text
			)
2026-05-28 15:56:41,421 WARNING database DDL Query made to DB:
create table "tabRoute History" (
			name varchar(140) primary key,
			creation timestamp(6),
			modified timestamp(6),
			modified_by varchar(140),
			owner varchar(140),
			docstatus smallint not null default '0',
			idx bigint not null default '0',
			"route" varchar(140),
"user" varchar(140),
"_user_tags" text,
"_comments" text,
"_assign" text,
"_liked_by" text
			)
2026-05-28 15:56:41,504 WARNING database DDL Query made to DB:
create table "tabDashboard Chart Field" (
			name varchar(140) primary key,
			creation timestamp(6),
			modified timestamp(6),
			modified_by varchar(140),
			owner varchar(140),
			docstatus smallint not null default '0',
			idx bigint not null default '0',
			"y_field" varchar(140),
"color" varchar(140),
parent varchar(140),
parentfield varchar(140),
parenttype varchar(140)
			)
2026-05-28 15:56:41,570 WARNING database DDL Query made to DB:
create table "tabNotification Log" (
			name varchar(140) primary key,
			creation timestamp(6),
			modified timestamp(6),
			modified_by varchar(140),
			owner varchar(140),
			docstatus smallint not null default '0',
			idx bigint not null default '0',
			"subject" text,
"for_user" varchar(140),
"type" varchar(140),
"email_content" text,
"document_type" varchar(140),
"read" smallint NOT NULL DEFAULT 0,
"document_name" varchar(140),
"attached_file" text,
"from_user" varchar(140),
"link" text,
"email_header" varchar(140),
"_user_tags" text,
"_comments" text,
"_assign" text,
"_liked_by" text,
"_seen" text
			)
2026-05-28 15:56:41,571 WARNING database DDL Query made to DB:
CREATE INDEX IF NOT EXISTS "for_user" ON "tabNotification Log"("for_user");CREATE INDEX IF NOT EXISTS "document_name" ON "tabNotification Log"("document_name");
2026-05-28 15:56:41,603 WARNING database DDL Query made to DB:
create table "tabNumber Card Link" (
			name varchar(140) primary key,
			creation timestamp(6),
			modified timestamp(6),
			modified_by varchar(140),
			owner varchar(140),
			docstatus smallint not null default '0',
			idx bigint not null default '0',
			"card" varchar(140),
parent varchar(140),
parentfield varchar(140),
parenttype varchar(140)
			)
2026-05-28 15:56:41,628 WARNING database DDL Query made to DB:
create table "tabGlobal Search DocType" (
			name varchar(140) primary key,
			creation timestamp(6),
			modified timestamp(6),
			modified_by varchar(140),
			owner varchar(140),
			docstatus smallint not null default '0',
			idx bigint not null default '0',
			"document_type" varchar(140),
parent varchar(140),
parentfield varchar(140),
parenttype varchar(140)
			)
2026-05-28 15:56:41,655 WARNING database DDL Query made to DB:
create table "tabDashboard Settings" (
			name varchar(140) primary key,
			creation timestamp(6),
			modified timestamp(6),
			modified_by varchar(140),
			owner varchar(140),
			docstatus smallint not null default '0',
			idx bigint not null default '0',
			"user" varchar(140),
"chart_config" text,
"_user_tags" text,
"_comments" text,
"_assign" text,
"_liked_by" text
			)
2026-05-28 15:56:41,693 WARNING database DDL Query made to DB:
create table "tabSidebar Item Group Link" (
			name varchar(140) primary key,
			creation timestamp(6),
			modified timestamp(6),
			modified_by varchar(140),
			owner varchar(140),
			docstatus smallint not null default '0',
			idx bigint not null default '0',
			"report" varchar(140),
parent varchar(140),
parentfield varchar(140),
parenttype varchar(140)
			)
2026-05-28 15:56:41,721 WARNING database DDL Query made to DB:
create table "tabChangelog Feed" (
			name varchar(140) primary key,
			creation timestamp(6),
			modified timestamp(6),
			modified_by varchar(140),
			owner varchar(140),
			docstatus smallint not null default '0',
			idx bigint not null default '0',
			"title" varchar(140),
"app_name" varchar(140),
"link" text,
"posting_timestamp" timestamp,
"_user_tags" text,
"_comments" text,
"_assign" text,
"_liked_by" text
			)
2026-05-28 15:56:41,721 WARNING database DDL Query made to DB:
CREATE INDEX IF NOT EXISTS "posting_timestamp" ON "tabChangelog Feed"("posting_timestamp");
2026-05-28 15:56:41,750 WARNING database DDL Query made to DB:
create table "tabCalendar View" (
			name varchar(140) primary key,
			creation timestamp(6),
			modified timestamp(6),
			modified_by varchar(140),
			owner varchar(140),
			docstatus smallint not null default '0',
			idx bigint not null default '0',
			"reference_doctype" varchar(140),
"subject_field" varchar(140),
"start_date_field" varchar(140),
"end_date_field" varchar(140),
"all_day" smallint NOT NULL DEFAULT 0,
"_user_tags" text,
"_comments" text,
"_assign" text,
"_liked_by" text
			)
2026-05-28 15:56:41,779 WARNING database DDL Query made to DB:
create table "tabDesktop Layout" (
			name varchar(140) primary key,
			creation timestamp(6),
			modified timestamp(6),
			modified_by varchar(140),
			owner varchar(140),
			docstatus smallint not null default '0',
			idx bigint not null default '0',
			"user" varchar(140) UNIQUE,
"layout" text,
"_user_tags" text,
"_comments" text,
"_assign" text,
"_liked_by" text
			)
2026-05-28 15:56:41,807 WARNING database DDL Query made to DB:
create table "tabTag Link" (
			name varchar(140) primary key,
			creation timestamp(6),
			modified timestamp(6),
			modified_by varchar(140),
			owner varchar(140),
			docstatus smallint not null default '0',
			idx bigint not null default '0',
			"document_type" varchar(140),
"document_name" varchar(140),
"tag" varchar(140),
"title" varchar(140),
"_user_tags" text,
"_comments" text,
"_assign" text,
"_liked_by" text
			)
2026-05-28 15:56:41,819 WARNING database DDL Query made to DB:
CREATE INDEX IF NOT EXISTS "document_type_document_name_index" ON "public"."tabTag Link" ("document_type", "document_name")
2026-05-28 15:56:41,847 WARNING database DDL Query made to DB:
create table "tabSidebar Item Group" (
			name varchar(140) primary key,
			creation timestamp(6),
			modified timestamp(6),
			modified_by varchar(140),
			owner varchar(140),
			docstatus smallint not null default '0',
			idx bigint not null default '0',
			"sidebar" varchar(140) UNIQUE,
"app" varchar(140),
"_user_tags" text,
"_comments" text,
"_assign" text,
"_liked_by" text
			)
2026-05-28 15:56:41,911 WARNING database DDL Query made to DB:
create table "tabNote" (
			name varchar(140) primary key,
			creation timestamp(6),
			modified timestamp(6),
			modified_by varchar(140),
			owner varchar(140),
			docstatus smallint not null default '0',
			idx bigint not null default '0',
			"title" varchar(140),
"public" smallint NOT NULL DEFAULT 0,
"notify_on_login" smallint NOT NULL DEFAULT 0,
"notify_on_every_login" smallint NOT NULL DEFAULT 0,
"expire_notification_on" timestamp,
"content" text,
"_user_tags" text,
"_comments" text,
"_assign" text,
"_liked_by" text
			)
2026-05-28 15:56:41,911 WARNING database DDL Query made to DB:
CREATE INDEX IF NOT EXISTS "expire_notification_on" ON "tabNote"("expire_notification_on");
2026-05-28 15:56:41,984 WARNING database DDL Query made to DB:
create table "tabList View Settings" (
			name varchar(140) primary key,
			creation timestamp(6),
			modified timestamp(6),
			modified_by varchar(140),
			owner varchar(140),
			docstatus smallint not null default '0',
			idx bigint not null default '0',
			"disable_count" smallint NOT NULL DEFAULT 0,
"disable_auto_refresh" smallint NOT NULL DEFAULT 0,
"disable_sidebar_stats" smallint NOT NULL DEFAULT 0,
"disable_automatic_recency_filters" smallint NOT NULL DEFAULT 0,
"show_tags" smallint NOT NULL DEFAULT 0,
"disable_comment_count" smallint NOT NULL DEFAULT 0,
"disable_scrolling" smallint NOT NULL DEFAULT 0,
"allow_edit" smallint NOT NULL DEFAULT 0,
"fields" text,
"_user_tags" text,
"_comments" text,
"_assign" text,
"_liked_by" text
			)
2026-05-28 15:56:42,022 WARNING database DDL Query made to DB:
create table "tabDashboard Chart Link" (
			name varchar(140) primary key,
			creation timestamp(6),
			modified timestamp(6),
			modified_by varchar(140),
			owner varchar(140),
			docstatus smallint not null default '0',
			idx bigint not null default '0',
			"chart" varchar(140),
"width" varchar(140) DEFAULT 'Half',
parent varchar(140),
parentfield varchar(140),
parenttype varchar(140)
			)
2026-05-28 15:56:42,051 WARNING database DDL Query made to DB:
create table "tabKanban Board Column" (
			name varchar(140) primary key,
			creation timestamp(6),
			modified timestamp(6),
			modified_by varchar(140),
			owner varchar(140),
			docstatus smallint not null default '0',
			idx bigint not null default '0',
			"column_name" varchar(140),
"status" varchar(140) DEFAULT 'Active',
"indicator" varchar(140) DEFAULT 'Gray',
"order" text,
parent varchar(140),
parentfield varchar(140),
parenttype varchar(140)
			)
2026-05-28 15:56:42,082 WARNING database DDL Query made to DB:
create table "tabEvent Notifications" (
			name varchar(140) primary key,
			creation timestamp(6),
			modified timestamp(6),
			modified_by varchar(140),
			owner varchar(140),
			docstatus smallint not null default '0',
			idx bigint not null default '0',
			"type" varchar(140) DEFAULT 'Notification',
"before" int NOT NULL DEFAULT 0,
"interval" varchar(140),
"time" time(6),
parent varchar(140),
parentfield varchar(140),
parenttype varchar(140)
			)
2026-05-28 15:56:42,110 WARNING database DDL Query made to DB:
create table "tabNote Seen By" (
			name varchar(140) primary key,
			creation timestamp(6),
			modified timestamp(6),
			modified_by varchar(140),
			owner varchar(140),
			docstatus smallint not null default '0',
			idx bigint not null default '0',
			"user" varchar(140),
parent varchar(140),
parentfield varchar(140),
parenttype varchar(140)
			)
2026-05-28 15:56:42,209 WARNING database DDL Query made to DB:
create table "tabDesktop Icon" (
			name varchar(140) primary key,
			creation timestamp(6),
			modified timestamp(6),
			modified_by varchar(140),
			owner varchar(140),
			docstatus smallint not null default '0',
			idx bigint not null default '0',
			"label" varchar(140) UNIQUE,
"icon_type" varchar(140),
"link_type" varchar(140),
"link_to" varchar(140),
"parent_icon" varchar(140),
"sidebar" varchar(140),
"icon_image" text,
"standard" smallint NOT NULL DEFAULT 0,
"app" varchar(140),
"icon" varchar(140),
"logo_url" varchar(140),
"link" text,
"hidden" smallint NOT NULL DEFAULT 0,
"restrict_removal" smallint NOT NULL DEFAULT 0,
"bg_color" varchar(140),
"_user_tags" text,
"_comments" text,
"_assign" text,
"_liked_by" text
			)
2026-05-28 15:56:42,244 WARNING database DDL Query made to DB:
create table "tabKanban Board" (
			name varchar(140) primary key,
			creation timestamp(6),
			modified timestamp(6),
			modified_by varchar(140),
			owner varchar(140),
			docstatus smallint not null default '0',
			idx bigint not null default '0',
			"kanban_board_name" varchar(140) UNIQUE,
"reference_doctype" varchar(140),
"field_name" varchar(140),
"private" smallint NOT NULL DEFAULT 0,
"show_labels" smallint NOT NULL DEFAULT 0,
"filters" text,
"fields" text,
"_user_tags" text,
"_comments" text,
"_assign" text,
"_liked_by" text
			)
2026-05-28 15:56:42,282 WARNING database DDL Query made to DB:
create table "tabToDo" (
			name varchar(140) primary key,
			creation timestamp(6),
			modified timestamp(6),
			modified_by varchar(140),
			owner varchar(140),
			docstatus smallint not null default '0',
			idx bigint not null default '0',
			"status" varchar(140) DEFAULT 'Open',
"priority" varchar(140) DEFAULT 'Medium',
"color" varchar(140),
"date" date,
"allocated_to" varchar(140),
"description" text,
"reference_type" varchar(140),
"reference_name" varchar(140),
"role" varchar(140),
"assigned_by" varchar(140),
"assigned_by_full_name" varchar(140),
"sender" varchar(140),
"assignment_rule" varchar(140),
"_user_tags" text,
"_comments" text,
"_assign" text,
"_liked_by" text,
"_seen" text
			)
2026-05-28 15:56:42,292 WARNING database DDL Query made to DB:
CREATE INDEX IF NOT EXISTS "reference_type_reference_name_index" ON "public"."tabToDo" ("reference_type", "reference_name")
2026-05-28 15:56:42,311 WARNING database DDL Query made to DB:
create table "tabList Filter" (
			name varchar(140) primary key,
			creation timestamp(6),
			modified timestamp(6),
			modified_by varchar(140),
			owner varchar(140),
			docstatus smallint not null default '0',
			idx bigint not null default '0',
			"filter_name" varchar(140),
"reference_doctype" varchar(140),
"for_user" varchar(140),
"filters" text,
"_user_tags" text,
"_comments" text,
"_assign" text,
"_liked_by" text
			)
2026-05-28 15:56:42,342 WARNING database DDL Query made to DB:
create table "tabTag" (
			name varchar(140) primary key,
			creation timestamp(6),
			modified timestamp(6),
			modified_by varchar(140),
			owner varchar(140),
			docstatus smallint not null default '0',
			idx bigint not null default '0',
			"description" text,
"_user_tags" text,
"_comments" text,
"_assign" text,
"_liked_by" text
			)
2026-05-28 15:56:42,376 WARNING database DDL Query made to DB:
create table "tabNotification Settings" (
			name varchar(140) primary key,
			creation timestamp(6),
			modified timestamp(6),
			modified_by varchar(140),
			owner varchar(140),
			docstatus smallint not null default '0',
			idx bigint not null default '0',
			"enabled" smallint NOT NULL DEFAULT 1,
"enable_email_notifications" smallint NOT NULL DEFAULT 1,
"enable_email_mention" smallint NOT NULL DEFAULT 1,
"enable_email_assignment" smallint NOT NULL DEFAULT 1,
"enable_email_threads_on_assigned_document" smallint NOT NULL DEFAULT 1,
"enable_email_share" smallint NOT NULL DEFAULT 1,
"enable_email_event_reminders" smallint NOT NULL DEFAULT 1,
"user" varchar(140),
"seen" smallint NOT NULL DEFAULT 0,
"_user_tags" text,
"_comments" text,
"_assign" text,
"_liked_by" text
			)
2026-05-28 15:56:42,775 WARNING database DDL Query made to DB:
create table "tabSlack Webhook URL" (
			name varchar(140) primary key,
			creation timestamp(6),
			modified timestamp(6),
			modified_by varchar(140),
			owner varchar(140),
			docstatus smallint not null default '0',
			idx bigint not null default '0',
			"webhook_name" varchar(140) UNIQUE,
"webhook_url" varchar(140),
"show_document_link" smallint NOT NULL DEFAULT 1,
"_user_tags" text,
"_comments" text,
"_assign" text,
"_liked_by" text
			)
2026-05-28 15:56:43,120 WARNING database DDL Query made to DB:
create table "tabGoogle Contacts" (
			name varchar(140) primary key,
			creation timestamp(6),
			modified timestamp(6),
			modified_by varchar(140),
			owner varchar(140),
			docstatus smallint not null default '0',
			idx bigint not null default '0',
			"enable" smallint NOT NULL DEFAULT 0,
"email_id" varchar(140),
"last_sync_on" timestamp,
"authorization_code" text,
"refresh_token" text,
"next_sync_token" text,
"pull_from_google_contacts" smallint NOT NULL DEFAULT 0,
"push_to_google_contacts" smallint NOT NULL DEFAULT 0,
"_user_tags" text,
"_comments" text,
"_assign" text,
"_liked_by" text
			)
2026-05-28 15:56:43,431 WARNING database DDL Query made to DB:
create table "tabWebhook Header" (
			name varchar(140) primary key,
			creation timestamp(6),
			modified timestamp(6),
			modified_by varchar(140),
			owner varchar(140),
			docstatus smallint not null default '0',
			idx bigint not null default '0',
			"key" text,
"value" text,
parent varchar(140),
parentfield varchar(140),
parenttype varchar(140)
			)
2026-05-28 15:56:43,472 WARNING database DDL Query made to DB:
create table "tabConnected App" (
			name varchar(140) primary key,
			creation timestamp(6),
			modified timestamp(6),
			modified_by varchar(140),
			owner varchar(140),
			docstatus smallint not null default '0',
			idx bigint not null default '0',
			"provider_name" varchar(140),
"openid_configuration" varchar(140),
"client_id" varchar(140),
"redirect_uri" varchar(140),
"client_secret" text,
"authorization_uri" text,
"token_uri" varchar(140),
"revocation_uri" varchar(140),
"userinfo_uri" varchar(140),
"introspection_uri" varchar(140),
"_user_tags" text,
"_comments" text,
"_assign" text,
"_liked_by" text
			)
2026-05-28 15:56:43,591 WARNING database DDL Query made to DB:
create table "tabIntegration Request" (
			name varchar(140) primary key,
			creation timestamp(6),
			modified timestamp(6),
			modified_by varchar(140),
			owner varchar(140),
			docstatus smallint not null default '0',
			idx bigint not null default '0',
			"request_id" varchar(140),
"integration_request_service" varchar(140),
"is_remote_request" smallint NOT NULL DEFAULT 0,
"request_description" varchar(140),
"status" varchar(140) DEFAULT 'Queued',
"url" text,
"request_headers" text,
"data" text,
"response_headers" text,
"output" text,
"error" text,
"reference_doctype" varchar(140),
"reference_docname" varchar(140),
"_user_tags" text,
"_comments" text,
"_assign" text,
"_liked_by" text
			)
2026-05-28 15:56:43,633 WARNING database DDL Query made to DB:
create table "tabOAuth Scope" (
			name varchar(140) primary key,
			creation timestamp(6),
			modified timestamp(6),
			modified_by varchar(140),
			owner varchar(140),
			docstatus smallint not null default '0',
			idx bigint not null default '0',
			"scope" varchar(140),
parent varchar(140),
parentfield varchar(140),
parenttype varchar(140)
			)
2026-05-28 15:56:43,703 WARNING database DDL Query made to DB:
create table "tabOAuth Authorization Code" (
			name varchar(140) primary key,
			creation timestamp(6),
			modified timestamp(6),
			modified_by varchar(140),
			owner varchar(140),
			docstatus smallint not null default '0',
			idx bigint not null default '0',
			"client" varchar(140),
"user" varchar(140),
"scopes" text,
"authorization_code" varchar(140) UNIQUE,
"expiration_time" timestamp,
"redirect_uri_bound_to_authorization_code" varchar(140),
"validity" varchar(140),
"nonce" varchar(140),
"code_challenge" varchar(140),
"code_challenge_method" varchar(140),
"_user_tags" text,
"_comments" text,
"_assign" text,
"_liked_by" text
			)
2026-05-28 15:56:43,749 WARNING database DDL Query made to DB:
create table "tabOAuth Client" (
			name varchar(140) primary key,
			creation timestamp(6),
			modified timestamp(6),
			modified_by varchar(140),
			owner varchar(140),
			docstatus smallint not null default '0',
			idx bigint not null default '0',
			"client_id" varchar(140),
"user" varchar(140),
"client_secret" varchar(140),
"default_redirect_uri" varchar(140),
"skip_authorization" smallint NOT NULL DEFAULT 0,
"app_name" varchar(140),
"scopes" text DEFAULT 'all openid',
"redirect_uris" text,
"client_uri" varchar(140),
"software_id" varchar(140),
"tos_uri" varchar(140),
"contacts" text,
"logo_uri" varchar(140),
"software_version" varchar(140),
"policy_uri" varchar(140),
"grant_type" varchar(140),
"token_endpoint_auth_method" varchar(140) DEFAULT 'Client Secret Basic',
"response_type" varchar(140) DEFAULT 'Code',
"_user_tags" text,
"_comments" text,
"_assign" text,
"_liked_by" text
			)
2026-05-28 15:56:43,777 WARNING database DDL Query made to DB:
create table "tabOAuth Client Role" (
			name varchar(140) primary key,
			creation timestamp(6),
			modified timestamp(6),
			modified_by varchar(140),
			owner varchar(140),
			docstatus smallint not null default '0',
			idx bigint not null default '0',
			"role" varchar(140),
parent varchar(140),
parentfield varchar(140),
parenttype varchar(140)
			)
2026-05-28 15:56:43,817 WARNING database DDL Query made to DB:
create table "tabSocial Login Key" (
			name varchar(140) primary key,
			creation timestamp(6),
			modified timestamp(6),
			modified_by varchar(140),
			owner varchar(140),
			docstatus smallint not null default '0',
			idx bigint not null default '0',
			"enable_social_login" smallint NOT NULL DEFAULT 0,
"social_login_provider" varchar(140) DEFAULT 'Custom',
"client_id" varchar(140),
"provider_name" varchar(140),
"client_secret" text,
"icon" varchar(140),
"base_url" varchar(140),
"sign_ups" varchar(140),
"show_in_resource_metadata" smallint NOT NULL DEFAULT 1,
"authorize_url" varchar(140),
"access_token_url" varchar(140),
"redirect_url" varchar(140),
"api_endpoint" varchar(140),
"custom_base_url" smallint NOT NULL DEFAULT 0,
"api_endpoint_args" text,
"auth_url_data" text,
"user_id_property" varchar(140),
"_user_tags" text,
"_comments" text,
"_assign" text,
"_liked_by" text
			)
2026-05-28 15:56:43,849 WARNING database DDL Query made to DB:
create table "tabLDAP Group Mapping" (
			name varchar(140) primary key,
			creation timestamp(6),
			modified timestamp(6),
			modified_by varchar(140),
			owner varchar(140),
			docstatus smallint not null default '0',
			idx bigint not null default '0',
			"ldap_group" varchar(140),
"erpnext_role" varchar(140),
parent varchar(140),
parentfield varchar(140),
parenttype varchar(140)
			)
2026-05-28 15:56:43,890 WARNING database DDL Query made to DB:
create table "tabGoogle Calendar" (
			name varchar(140) primary key,
			creation timestamp(6),
			modified timestamp(6),
			modified_by varchar(140),
			owner varchar(140),
			docstatus smallint not null default '0',
			idx bigint not null default '0',
			"enable" smallint NOT NULL DEFAULT 1,
"calendar_name" varchar(140) UNIQUE,
"user" varchar(140),
"pull_from_google_calendar" smallint NOT NULL DEFAULT 1,
"sync_as_public" smallint NOT NULL DEFAULT 0,
"push_to_google_calendar" smallint NOT NULL DEFAULT 1,
"google_calendar_id" varchar(140),
"refresh_token" text,
"authorization_code" text,
"next_sync_token" text,
"_user_tags" text,
"_comments" text,
"_assign" text,
"_liked_by" text
			)
2026-05-28 15:56:43,962 WARNING database DDL Query made to DB:
create table "tabWebhook Data" (
			name varchar(140) primary key,
			creation timestamp(6),
			modified timestamp(6),
			modified_by varchar(140),
			owner varchar(140),
			docstatus smallint not null default '0',
			idx bigint not null default '0',
			"fieldname" varchar(140),
"key" varchar(140),
parent varchar(140),
parentfield varchar(140),
parenttype varchar(140)
			)
2026-05-28 15:56:44,028 WARNING database DDL Query made to DB:
create table "tabQuery Parameters" (
			name varchar(140) primary key,
			creation timestamp(6),
			modified timestamp(6),
			modified_by varchar(140),
			owner varchar(140),
			docstatus smallint not null default '0',
			idx bigint not null default '0',
			"key" varchar(140),
"value" varchar(140),
parent varchar(140),
parentfield varchar(140),
parenttype varchar(140)
			)
2026-05-28 15:56:44,075 WARNING database DDL Query made to DB:
create table "tabOAuth Bearer Token" (
			name varchar(140) primary key,
			creation timestamp(6),
			modified timestamp(6),
			modified_by varchar(140),
			owner varchar(140),
			docstatus smallint not null default '0',
			idx bigint not null default '0',
			"client" varchar(140),
"user" varchar(140) NOT NULL DEFAULT '',
"scopes" text,
"access_token" varchar(140) UNIQUE,
"refresh_token" varchar(140),
"expiration_time" timestamp,
"expires_in" int NOT NULL DEFAULT 0,
"status" varchar(140),
"_user_tags" text,
"_comments" text,
"_assign" text,
"_liked_by" text
			)
2026-05-28 15:56:44,076 WARNING database DDL Query made to DB:
CREATE INDEX IF NOT EXISTS "user" ON "tabOAuth Bearer Token"("user");CREATE INDEX IF NOT EXISTS "expiration_time" ON "tabOAuth Bearer Token"("expiration_time");
2026-05-28 15:56:44,127 WARNING database DDL Query made to DB:
create table "tabToken Cache" (
			name varchar(140) primary key,
			creation timestamp(6),
			modified timestamp(6),
			modified_by varchar(140),
			owner varchar(140),
			docstatus smallint not null default '0',
			idx bigint not null default '0',
			"user" varchar(140),
"connected_app" varchar(140),
"provider_name" varchar(140),
"access_token" text,
"refresh_token" text,
"expires_in" int NOT NULL DEFAULT 0,
"state" varchar(140),
"success_uri" varchar(140),
"token_type" varchar(140),
"_user_tags" text,
"_comments" text,
"_assign" text,
"_liked_by" text
			)
2026-05-28 15:56:44,174 WARNING database DDL Query made to DB:
create table "tabWebhook" (
			name varchar(140) primary key,
			creation timestamp(6),
			modified timestamp(6),
			modified_by varchar(140),
			owner varchar(140),
			docstatus smallint not null default '0',
			idx bigint not null default '0',
			"webhook_doctype" varchar(140),
"webhook_docevent" varchar(140),
"enabled" smallint NOT NULL DEFAULT 1,
"condition" text,
"request_url" text,
"is_dynamic_url" smallint NOT NULL DEFAULT 0,
"timeout" int NOT NULL DEFAULT 5,
"background_jobs_queue" varchar(140),
"request_method" varchar(140) DEFAULT 'POST',
"request_structure" varchar(140),
"enable_security" smallint NOT NULL DEFAULT 0,
"webhook_secret" text,
"webhook_json" text,
"_user_tags" text,
"_comments" text,
"_assign" text,
"_liked_by" text
			)
2026-05-28 15:56:44,221 WARNING database DDL Query made to DB:
create table "tabWebhook Request Log" (
			name varchar(140) primary key,
			creation timestamp(6),
			modified timestamp(6),
			modified_by varchar(140),
			owner varchar(140),
			docstatus smallint not null default '0',
			idx bigint not null default '0',
			"webhook" varchar(140),
"reference_doctype" varchar(140),
"reference_document" varchar(140),
"headers" text,
"data" text,
"user" varchar(140),
"url" text,
"response" text,
"error" text,
"_user_tags" text,
"_comments" text,
"_assign" text,
"_liked_by" text
			)
2026-05-28 15:56:44,222 WARNING database DDL Query made to DB:
CREATE INDEX IF NOT EXISTS "webhook" ON "tabWebhook Request Log"("webhook");
2026-05-28 15:56:44,470 WARNING database DDL Query made to DB:
create table "tabLetter Head" (
			name varchar(140) primary key,
			creation timestamp(6),
			modified timestamp(6),
			modified_by varchar(140),
			owner varchar(140),
			docstatus smallint not null default '0',
			idx bigint not null default '0',
			"letter_head_name" varchar(140) UNIQUE,
"source" varchar(140),
"footer_source" varchar(140) DEFAULT 'HTML',
"disabled" smallint NOT NULL DEFAULT 0,
"is_default" smallint NOT NULL DEFAULT 0,
"image" text,
"image_height" decimal(21,9) NOT NULL DEFAULT 0.0,
"image_width" decimal(21,9) NOT NULL DEFAULT 0.0,
"align" varchar(140) DEFAULT 'Left',
"content" text,
"footer" text,
"footer_image" text,
"footer_image_height" decimal(21,9) NOT NULL DEFAULT 0.0,
"footer_image_width" decimal(21,9) NOT NULL DEFAULT 0.0,
"footer_align" varchar(140),
"header_script" text,
"footer_script" text,
"_user_tags" text,
"_comments" text,
"_assign" text,
"_liked_by" text
			)
2026-05-28 15:56:44,471 WARNING database DDL Query made to DB:
CREATE INDEX IF NOT EXISTS "is_default" ON "tabLetter Head"("is_default");
2026-05-28 15:56:44,511 WARNING database DDL Query made to DB:
create table "tabPrint Format Field Template" (
			name varchar(140) primary key,
			creation timestamp(6),
			modified timestamp(6),
			modified_by varchar(140),
			owner varchar(140),
			docstatus smallint not null default '0',
			idx bigint not null default '0',
			"document_type" varchar(140),
"field" varchar(140),
"template_file" varchar(140),
"module" varchar(140),
"standard" smallint NOT NULL DEFAULT 0,
"template" text,
"_user_tags" text,
"_comments" text,
"_assign" text,
"_liked_by" text
			)
2026-05-28 15:56:44,545 WARNING database DDL Query made to DB:
create table "tabPrint Heading" (
			name varchar(140) primary key,
			creation timestamp(6),
			modified timestamp(6),
			modified_by varchar(140),
			owner varchar(140),
			docstatus smallint not null default '0',
			idx bigint not null default '0',
			"print_heading" varchar(140) UNIQUE,
"description" text,
"_user_tags" text,
"_comments" text,
"_assign" text,
"_liked_by" text
			)
2026-05-28 15:56:44,578 WARNING database DDL Query made to DB:
create table "tabNetwork Printer Settings" (
			name varchar(140) primary key,
			creation timestamp(6),
			modified timestamp(6),
			modified_by varchar(140),
			owner varchar(140),
			docstatus smallint not null default '0',
			idx bigint not null default '0',
			"server_ip" varchar(140) DEFAULT 'localhost',
"port" int NOT NULL DEFAULT 631,
"printer_name" varchar(140),
"_user_tags" text,
"_comments" text,
"_assign" text,
"_liked_by" text
			)
2026-05-28 15:56:44,716 WARNING database DDL Query made to DB:
create table "tabSalutation" (
			name varchar(140) primary key,
			creation timestamp(6),
			modified timestamp(6),
			modified_by varchar(140),
			owner varchar(140),
			docstatus smallint not null default '0',
			idx bigint not null default '0',
			"salutation" varchar(140) UNIQUE,
"_user_tags" text,
"_comments" text,
"_assign" text,
"_liked_by" text
			)
2026-05-28 15:56:44,889 WARNING database DDL Query made to DB:
create table "tabContact" (
			name varchar(140) primary key,
			creation timestamp(6),
			modified timestamp(6),
			modified_by varchar(140),
			owner varchar(140),
			docstatus smallint not null default '0',
			idx bigint not null default '0',
			"first_name" varchar(140),
"middle_name" varchar(140),
"last_name" varchar(140),
"full_name" varchar(140),
"email_id" varchar(140),
"user" varchar(140),
"address" varchar(140),
"sync_with_google_contacts" smallint NOT NULL DEFAULT 0,
"status" varchar(140) DEFAULT 'Passive',
"salutation" varchar(140),
"designation" varchar(140),
"gender" varchar(140),
"phone" varchar(140),
"mobile_no" varchar(140),
"company_name" varchar(140),
"image" text,
"google_contacts" varchar(140),
"google_contacts_id" varchar(140),
"pulled_from_google_contacts" smallint NOT NULL DEFAULT 0,
"is_primary_contact" smallint NOT NULL DEFAULT 0,
"department" varchar(140),
"unsubscribed" smallint NOT NULL DEFAULT 0,
"_user_tags" text,
"_comments" text,
"_assign" text,
"_liked_by" text
			)
2026-05-28 15:56:44,889 WARNING database DDL Query made to DB:
CREATE INDEX IF NOT EXISTS "email_id" ON "tabContact"("email_id");
2026-05-28 15:56:44,954 WARNING database DDL Query made to DB:
create table "tabGender" (
			name varchar(140) primary key,
			creation timestamp(6),
			modified timestamp(6),
			modified_by varchar(140),
			owner varchar(140),
			docstatus smallint not null default '0',
			idx bigint not null default '0',
			"gender" varchar(140) UNIQUE,
"_user_tags" text,
"_comments" text,
"_assign" text,
"_liked_by" text
			)
2026-05-28 15:56:45,015 WARNING database DDL Query made to DB:
create table "tabAddress" (
			name varchar(140) primary key,
			creation timestamp(6),
			modified timestamp(6),
			modified_by varchar(140),
			owner varchar(140),
			docstatus smallint not null default '0',
			idx bigint not null default '0',
			"address_title" varchar(140),
"address_type" varchar(140),
"address_line1" varchar(240),
"address_line2" varchar(240),
"city" varchar(140),
"county" varchar(140),
"state" varchar(140),
"country" varchar(140),
"pincode" varchar(140),
"email_id" varchar(140),
"phone" varchar(140),
"fax" varchar(140),
"is_primary_address" smallint NOT NULL DEFAULT 0,
"is_shipping_address" smallint NOT NULL DEFAULT 0,
"disabled" smallint NOT NULL DEFAULT 0,
"_user_tags" text,
"_comments" text,
"_assign" text,
"_liked_by" text
			)
2026-05-28 15:56:45,016 WARNING database DDL Query made to DB:
CREATE INDEX IF NOT EXISTS "city" ON "tabAddress"("city");CREATE INDEX IF NOT EXISTS "country" ON "tabAddress"("country");CREATE INDEX IF NOT EXISTS "pincode" ON "tabAddress"("pincode");
2026-05-28 15:56:45,069 WARNING database DDL Query made to DB:
create table "tabContact Phone" (
			name varchar(140) primary key,
			creation timestamp(6),
			modified timestamp(6),
			modified_by varchar(140),
			owner varchar(140),
			docstatus smallint not null default '0',
			idx bigint not null default '0',
			"phone" varchar(140),
"is_primary_phone" smallint NOT NULL DEFAULT 0,
"is_primary_mobile_no" smallint NOT NULL DEFAULT 0,
parent varchar(140),
parentfield varchar(140),
parenttype varchar(140)
			)
2026-05-28 15:56:45,098 WARNING database DDL Query made to DB:
create table "tabContact Email" (
			name varchar(140) primary key,
			creation timestamp(6),
			modified timestamp(6),
			modified_by varchar(140),
			owner varchar(140),
			docstatus smallint not null default '0',
			idx bigint not null default '0',
			"email_id" varchar(140),
"is_primary" smallint NOT NULL DEFAULT 0,
parent varchar(140),
parentfield varchar(140),
parenttype varchar(140)
			)
2026-05-28 15:56:45,128 WARNING database DDL Query made to DB:
create table "tabAddress Template" (
			name varchar(140) primary key,
			creation timestamp(6),
			modified timestamp(6),
			modified_by varchar(140),
			owner varchar(140),
			docstatus smallint not null default '0',
			idx bigint not null default '0',
			"country" varchar(140) UNIQUE,
"is_default" smallint NOT NULL DEFAULT 0,
"template" text,
"_user_tags" text,
"_comments" text,
"_assign" text,
"_liked_by" text
			)
2026-05-28 15:56:45,183 WARNING database DDL Query made to DB:
create table "tabMilestone" (
			name varchar(140) primary key,
			creation timestamp(6),
			modified timestamp(6),
			modified_by varchar(140),
			owner varchar(140),
			docstatus smallint not null default '0',
			idx bigint not null default '0',
			"reference_type" varchar(140),
"reference_name" varchar(140),
"track_field" varchar(140),
"value" varchar(140),
"milestone_tracker" varchar(140),
"_user_tags" text,
"_comments" text,
"_assign" text,
"_liked_by" text
			)
2026-05-28 15:56:45,184 WARNING database DDL Query made to DB:
CREATE INDEX IF NOT EXISTS "reference_type" ON "tabMilestone"("reference_type");
2026-05-28 15:56:45,222 WARNING database DDL Query made to DB:
CREATE INDEX IF NOT EXISTS "reference_type_reference_name_index" ON "public"."tabMilestone" ("reference_type", "reference_name")
2026-05-28 15:56:45,338 WARNING database DDL Query made to DB:
create table "tabAuto Repeat" (
			name varchar(140) primary key,
			creation timestamp(6),
			modified timestamp(6),
			modified_by varchar(140),
			owner varchar(140),
			docstatus smallint not null default '0',
			idx bigint not null default '0',
			"reference_doctype" varchar(140),
"reference_document" varchar(140),
"submit_on_creation" smallint NOT NULL DEFAULT 0,
"start_date" date,
"end_date" date,
"disabled" smallint NOT NULL DEFAULT 0,
"frequency" varchar(140),
"repeat_on_day" int NOT NULL DEFAULT 0,
"repeat_on_last_day" smallint NOT NULL DEFAULT 0,
"next_schedule_date" date,
"generate_separate_documents_for_each_assignee" smallint NOT NULL DEFAULT 0,
"notify_by_email" smallint NOT NULL DEFAULT 0,
"recipients" text,
"template" varchar(140),
"subject" varchar(140),
"message" text DEFAULT 'Please find attached {{ doc.doctype }} #{{ doc.name }}',
"print_format" varchar(140),
"status" varchar(140),
"_user_tags" text,
"_comments" text,
"_assign" text,
"_liked_by" text
			)
2026-05-28 15:56:45,338 WARNING database DDL Query made to DB:
CREATE INDEX IF NOT EXISTS "next_schedule_date" ON "tabAuto Repeat"("next_schedule_date");
2026-05-28 15:56:45,417 WARNING database DDL Query made to DB:
create table "tabAssignment Rule" (
			name varchar(140) primary key,
			creation timestamp(6),
			modified timestamp(6),
			modified_by varchar(140),
			owner varchar(140),
			docstatus smallint not null default '0',
			idx bigint not null default '0',
			"document_type" varchar(140),
"due_date_based_on" varchar(140),
"priority" int NOT NULL DEFAULT 0,
"disabled" smallint NOT NULL DEFAULT 0,
"description" text DEFAULT 'Automatic Assignment',
"assign_condition" text,
"unassign_condition" text,
"close_condition" text,
"rule" varchar(140),
"field" varchar(140),
"last_user" varchar(140),
"current_index" int NOT NULL DEFAULT 0,
"_user_tags" text,
"_comments" text,
"_assign" text,
"_liked_by" text
			)
2026-05-28 15:56:45,448 WARNING database DDL Query made to DB:
create table "tabReminder" (
			name varchar(140) primary key,
			creation timestamp(6),
			modified timestamp(6),
			modified_by varchar(140),
			owner varchar(140),
			docstatus smallint not null default '0',
			idx bigint not null default '0',
			"user" varchar(140),
"remind_at" timestamp,
"description" text,
"reminder_doctype" varchar(140),
"reminder_docname" varchar(140),
"notified" smallint NOT NULL DEFAULT 0,
"_user_tags" text,
"_comments" text,
"_assign" text,
"_liked_by" text
			)
2026-05-28 15:56:45,449 WARNING database DDL Query made to DB:
CREATE INDEX IF NOT EXISTS "user" ON "tabReminder"("user");CREATE INDEX IF NOT EXISTS "remind_at" ON "tabReminder"("remind_at");
2026-05-28 15:56:45,476 WARNING database DDL Query made to DB:
create table "tabAssignment Rule Day" (
			name varchar(140) primary key,
			creation timestamp(6),
			modified timestamp(6),
			modified_by varchar(140),
			owner varchar(140),
			docstatus smallint not null default '0',
			idx bigint not null default '0',
			"day" varchar(140),
parent varchar(140),
parentfield varchar(140),
parenttype varchar(140)
			)
2026-05-28 15:56:45,506 WARNING database DDL Query made to DB:
create table "tabAssignment Rule User" (
			name varchar(140) primary key,
			creation timestamp(6),
			modified timestamp(6),
			modified_by varchar(140),
			owner varchar(140),
			docstatus smallint not null default '0',
			idx bigint not null default '0',
			"user" varchar(140),
"weight" int NOT NULL DEFAULT 1,
parent varchar(140),
parentfield varchar(140),
parenttype varchar(140)
			)
2026-05-28 15:56:45,534 WARNING database DDL Query made to DB:
create table "tabAuto Repeat Day" (
			name varchar(140) primary key,
			creation timestamp(6),
			modified timestamp(6),
			modified_by varchar(140),
			owner varchar(140),
			docstatus smallint not null default '0',
			idx bigint not null default '0',
			"day" varchar(140),
parent varchar(140),
parentfield varchar(140),
parenttype varchar(140)
			)
2026-05-28 15:56:45,571 WARNING database DDL Query made to DB:
create table "tabMilestone Tracker" (
			name varchar(140) primary key,
			creation timestamp(6),
			modified timestamp(6),
			modified_by varchar(140),
			owner varchar(140),
			docstatus smallint not null default '0',
			idx bigint not null default '0',
			"document_type" varchar(140) UNIQUE,
"track_field" varchar(140),
"disabled" smallint NOT NULL DEFAULT 0,
"_user_tags" text,
"_comments" text,
"_assign" text,
"_liked_by" text
			)
2026-05-28 15:56:45,600 WARNING database DDL Query made to DB:
create table "tabAuto Repeat User" (
			name varchar(140) primary key,
			creation timestamp(6),
			modified timestamp(6),
			modified_by varchar(140),
			owner varchar(140),
			docstatus smallint not null default '0',
			idx bigint not null default '0',
			"user" varchar(140),
parent varchar(140),
parentfield varchar(140),
parenttype varchar(140)
			)
2026-05-28 16:18:03,073 WARNING database DDL Query made to DB:
create table "tabSmart City Ward" (
			name varchar(140) primary key,
			creation timestamp(6),
			modified timestamp(6),
			modified_by varchar(140),
			owner varchar(140),
			docstatus smallint not null default '0',
			idx bigint not null default '0',
			"ward_name" varchar(140),
"district" varchar(140),
"latitude_center" decimal(21,9) NOT NULL DEFAULT 0.0,
"longitude_center" decimal(21,9) NOT NULL DEFAULT 0.0,
"geojson_boundary" text,
"_user_tags" text,
"_comments" text,
"_assign" text,
"_liked_by" text
			)
2026-05-28 16:18:03,361 WARNING database DDL Query made to DB:
create table "tabSmart City Asset" (
			name varchar(140) primary key,
			creation timestamp(6),
			modified timestamp(6),
			modified_by varchar(140),
			owner varchar(140),
			docstatus smallint not null default '0',
			idx bigint not null default '0',
			"asset_name" varchar(140),
"asset_type" varchar(140),
"ward" varchar(140),
"status" varchar(140),
"latitude" decimal(21,9) NOT NULL DEFAULT 0.0,
"longitude" decimal(21,9) NOT NULL DEFAULT 0.0,
"_user_tags" text,
"_comments" text,
"_assign" text,
"_liked_by" text
			)
2026-05-28 16:18:03,418 WARNING database DDL Query made to DB:
create table "tabSmart City Incident" (
			name varchar(140) primary key,
			creation timestamp(6),
			modified timestamp(6),
			modified_by varchar(140),
			owner varchar(140),
			docstatus smallint not null default '0',
			idx bigint not null default '0',
			"asset" varchar(140),
"image" text,
"description" text,
"ai_is_broken" smallint NOT NULL DEFAULT 0,
"ai_reason" text,
"_user_tags" text,
"_comments" text,
"_assign" text,
"_liked_by" text
			)
2026-05-28 16:18:03,462 WARNING database DDL Query made to DB:
create table "tabSmart City Household" (
			name varchar(140) primary key,
			creation timestamp(6),
			modified timestamp(6),
			modified_by varchar(140),
			owner varchar(140),
			docstatus smallint not null default '0',
			idx bigint not null default '0',
			"household_head" varchar(140),
"ward" varchar(140),
"latitude" decimal(21,9) NOT NULL DEFAULT 0.0,
"longitude" decimal(21,9) NOT NULL DEFAULT 0.0,
"electricity_kwh" decimal(21,9) NOT NULL DEFAULT 0.0,
"water_m3" decimal(21,9) NOT NULL DEFAULT 0.0,
"_user_tags" text,
"_comments" text,
"_assign" text,
"_liked_by" text
			)
2026-05-28 16:35:59,525 WARNING database DDL Query made to DB:
create table "tabQuan Ly Khu Dan Cu" (
			name varchar(140) primary key,
			creation timestamp(6),
			modified timestamp(6),
			modified_by varchar(140),
			owner varchar(140),
			docstatus smallint not null default '0',
			idx bigint not null default '0',
			"ward_name" varchar(140),
"district" varchar(140),
"ward_head" varchar(140),
"_user_tags" text,
"_comments" text,
"_assign" text,
"_liked_by" text
			)
2026-05-28 16:35:59,811 WARNING database DDL Query made to DB:
create table "tabQuan Ly Ho Gia Dinh" (
			name varchar(140) primary key,
			creation timestamp(6),
			modified timestamp(6),
			modified_by varchar(140),
			owner varchar(140),
			docstatus smallint not null default '0',
			idx bigint not null default '0',
			"household_id" varchar(140) UNIQUE,
"address" varchar(140),
"ward" varchar(140),
"household_head_name" varchar(140),
"_user_tags" text,
"_comments" text,
"_assign" text,
"_liked_by" text
			)
2026-05-28 16:35:59,873 WARNING database DDL Query made to DB:
create table "tabQuan Ly Cu Dan" (
			name varchar(140) primary key,
			creation timestamp(6),
			modified timestamp(6),
			modified_by varchar(140),
			owner varchar(140),
			docstatus smallint not null default '0',
			idx bigint not null default '0',
			"full_name" varchar(140),
"identity_card" varchar(140) UNIQUE,
"dob" date,
"gender" varchar(140),
"phone" varchar(140),
"household" varchar(140),
"relation_to_head" varchar(140),
"job" varchar(140),
"_user_tags" text,
"_comments" text,
"_assign" text,
"_liked_by" text
			)
2026-05-28 16:35:59,933 WARNING database DDL Query made to DB:
create table "tabTam Tru Tam Vang" (
			name varchar(140) primary key,
			creation timestamp(6),
			modified timestamp(6),
			modified_by varchar(140),
			owner varchar(140),
			docstatus smallint not null default '0',
			idx bigint not null default '0',
			"resident" varchar(140),
"type" varchar(140),
"from_date" date,
"to_date" date,
"reason" text,
"temporary_address" varchar(140),
"_user_tags" text,
"_comments" text,
"_assign" text,
"_liked_by" text
			)
2026-05-28 16:49:01,363 WARNING database DDL Query made to DB:
create table "tabCity" (
			name varchar(140) primary key,
			creation timestamp(6),
			modified timestamp(6),
			modified_by varchar(140),
			owner varchar(140),
			docstatus smallint not null default '0',
			idx bigint not null default '0',
			"city_name" varchar(140) UNIQUE,
"total_area" decimal(21,9) NOT NULL DEFAULT 0.0,
"total_population" int NOT NULL DEFAULT 0,
"geojson_boundary" text,
"_user_tags" text,
"_comments" text,
"_assign" text,
"_liked_by" text
			)
2026-05-28 16:49:01,566 WARNING database DDL Query made to DB:
create table "tabDistrict" (
			name varchar(140) primary key,
			creation timestamp(6),
			modified timestamp(6),
			modified_by varchar(140),
			owner varchar(140),
			docstatus smallint not null default '0',
			idx bigint not null default '0',
			"district_name" varchar(140),
"city" varchar(140),
"geojson_boundary" text,
"_user_tags" text,
"_comments" text,
"_assign" text,
"_liked_by" text
			)
2026-05-28 16:49:01,620 WARNING database DDL Query made to DB:
create table "tabWard" (
			name varchar(140) primary key,
			creation timestamp(6),
			modified timestamp(6),
			modified_by varchar(140),
			owner varchar(140),
			docstatus smallint not null default '0',
			idx bigint not null default '0',
			"ward_name" varchar(140),
"ward_code" varchar(140) UNIQUE,
"district" varchar(140),
"geojson_boundary" text,
"_user_tags" text,
"_comments" text,
"_assign" text,
"_liked_by" text
			)
2026-05-28 16:49:01,715 WARNING database DDL Query made to DB:
create table "tabNeighborhood" (
			name varchar(140) primary key,
			creation timestamp(6),
			modified timestamp(6),
			modified_by varchar(140),
			owner varchar(140),
			docstatus smallint not null default '0',
			idx bigint not null default '0',
			"neighborhood_name" varchar(140),
"ward" varchar(140),
"leader_name" varchar(140),
"geojson_polygon" text,
"_user_tags" text,
"_comments" text,
"_assign" text,
"_liked_by" text
			)
2026-05-28 16:49:01,771 WARNING database DDL Query made to DB:
create table "tabHousehold" (
			name varchar(140) primary key,
			creation timestamp(6),
			modified timestamp(6),
			modified_by varchar(140),
			owner varchar(140),
			docstatus smallint not null default '0',
			idx bigint not null default '0',
			"head_name" varchar(140),
"neighborhood" varchar(140),
"address" varchar(140),
"status" varchar(140) DEFAULT 'Chưa định vị',
"latitude" decimal(21,9) NOT NULL DEFAULT 0.0,
"longitude" decimal(21,9) NOT NULL DEFAULT 0.0,
"_user_tags" text,
"_comments" text,
"_assign" text,
"_liked_by" text
			)
2026-05-28 16:49:01,833 WARNING database DDL Query made to DB:
create table "tabResident" (
			name varchar(140) primary key,
			creation timestamp(6),
			modified timestamp(6),
			modified_by varchar(140),
			owner varchar(140),
			docstatus smallint not null default '0',
			idx bigint not null default '0',
			"full_name" varchar(140),
"cccd" varchar(140) UNIQUE,
"dob" date,
"age" int NOT NULL DEFAULT 0,
"gender" varchar(140),
"household" varchar(140),
"residency_status" varchar(140) DEFAULT 'Thường trú',
"_user_tags" text,
"_comments" text,
"_assign" text,
"_liked_by" text
			)
2026-05-28 16:59:23,041 WARNING database DDL Query made to DB:
ALTER TABLE "tabDistrict" ADD COLUMN "administrative_code" varchar(140), ADD COLUMN "area" decimal(21,9) NOT NULL DEFAULT 0.0, ADD COLUMN "population" int NOT NULL DEFAULT 0, ADD COLUMN "density" decimal(21,9) NOT NULL DEFAULT 0.0, ADD COLUMN "headquarters" varchar(140), ADD COLUMN "merged_with" varchar(140)
2026-05-28 16:59:23,210 WARNING database DDL Query made to DB:
ALTER TABLE "tabWard" ADD COLUMN "administrative_code" varchar(140), ADD COLUMN "area" decimal(21,9) NOT NULL DEFAULT 0.0, ADD COLUMN "population" int NOT NULL DEFAULT 0, ADD COLUMN "density" decimal(21,9) NOT NULL DEFAULT 0.0, ADD COLUMN "headquarters" varchar(140), ADD COLUMN "merged_with" varchar(140)
2026-05-30 09:08:49,474 WARNING database DDL Query made to DB:
ALTER TABLE "tabResident" ADD COLUMN "social_welfare_status" varchar(140) DEFAULT 'Bình thường'
2026-05-30 09:08:49,510 WARNING database DDL Query made to DB:
ALTER TABLE "tabHousehold" ADD COLUMN "household_type" varchar(140) DEFAULT 'Bình thường'
2026-05-30 09:39:33,261 WARNING database DDL Query made to DB:
ALTER TABLE "tabResident" ADD COLUMN "life_status" varchar(140) DEFAULT 'Còn sống'
2026-06-18 15:58:21,500 WARNING database DDL Query made to DB:
create table "tabDeletion History" (
			name varchar(140) primary key,
			creation timestamp(6),
			modified timestamp(6),
			modified_by varchar(140),
			owner varchar(140),
			docstatus smallint not null default '0',
			idx bigint not null default '0',
			"entity_type" varchar(140),
"entity_id" varchar(140),
"entity_name" varchar(140),
"reason" text,
"deleted_by" varchar(140),
"deleted_at" timestamp,
"_user_tags" text,
"_comments" text,
"_assign" text,
"_liked_by" text
			)
2026-06-18 16:17:01,387 WARNING database DDL Query made to DB:
ALTER TABLE "tabDeletion History" ADD COLUMN "deleted_data" text
